192.168.3.67 - - [13/Apr/2019:00:07:12 +0800] "GET /LogisticsSystem/EmployeeLogin?method=getcode&id=3111110 HTTP/1.1" 200 4
192.168.3.67 - - [13/Apr/2019:00:07:22 +0800] "GET /LogisticsSystem/EmployeeLogin?method=getcode&id=3111110 HTTP/1.1" 200 4
127.0.0.1 - - [13/Apr/2019:00:07:42 +0800] "GET / HTTP/1.1" 404 1036
192.168.3.67 - - [13/Apr/2019:00:08:09 +0800] "GET /LogisticsSystem/EmployeeLogin?method=getcode&id=3111110 HTTP/1.1" 200 6
192.168.3.67 - - [13/Apr/2019:00:08:11 +0800] "GET /LogisticsSystem/EmployeeLogin?method=getcode&id=3111110 HTTP/1.1" 200 6
192.168.3.67 - - [13/Apr/2019:00:08:30 +0800] "GET /LogisticsSystem/EmployeeLogin?method=getcode&id=00100 HTTP/1.1" 200 6
127.0.0.1 - - [13/Apr/2019:00:08:46 +0800] "GET / HTTP/1.1" 404 1036
192.168.3.67 - - [13/Apr/2019:00:09:13 +0800] "GET /LogisticsSystem/EmployeeLogin?method=getcode&id=00100 HTTP/1.1" 200 6
192.168.3.67 - - [13/Apr/2019:00:09:16 +0800] "GET /LogisticsSystem/EmployeeLogin?method=getcode&id=00100 HTTP/1.1" 200 6
192.168.3.67 - - [13/Apr/2019:00:10:19 +0800] "GET /LogisticsSystem/EmployeeLogin?method=getcode&id=00100 HTTP/1.1" 200 6
127.0.0.1 - - [13/Apr/2019:00:11:50 +0800] "GET / HTTP/1.1" 404 1036
192.168.3.67 - - [13/Apr/2019:00:12:22 +0800] "GET /LogisticsSystem/EmployeeLogin?method=getcode&id=00100 HTTP/1.1" 200 6
192.168.3.67 - - [13/Apr/2019:00:12:27 +0800] "GET /LogisticsSystem/EmployeeLogin?method=getcode&id=00100 HTTP/1.1" 200 6
192.168.3.67 - - [13/Apr/2019:00:12:33 +0800] "GET /LogisticsSystem/EmployeeLogin?method=getcode&id=00100 HTTP/1.1" 200 6
192.168.3.67 - - [13/Apr/2019:00:12:36 +0800] "GET /LogisticsSystem/EmployeeLogin?method=getcode&id=00100 HTTP/1.1" 200 6
192.168.3.67 - - [13/Apr/2019:00:13:19 +0800] "GET /LogisticsSystem/EmployeeLogin?method=getcode&id=00100 HTTP/1.1" 200 6
192.168.3.67 - - [13/Apr/2019:00:13:54 +0800] "GET /LogisticsSystem/EmployeeLogin?method=getcode&id=00100 HTTP/1.1" 200 6
192.168.3.67 - - [13/Apr/2019:00:16:25 +0800] "GET /LogisticsSystem/EmployeeLogin?method=getcode&id=00100 HTTP/1.1" 200 6
192.168.3.67 - - [13/Apr/2019:00:16:27 +0800] "GET /LogisticsSystem/EmployeeLogin?method=getcode&id=00100 HTTP/1.1" 200 6
192.168.3.64 - - [13/Apr/2019:00:16:41 +0800] "GET /LogisticsSystem/management/AdminLogin?id=admin HTTP/1.1" 200 7
192.168.3.67 - - [13/Apr/2019:00:17:44 +0800] "GET /LogisticsSystem/EmployeeLogin?method=getcode&id=00100 HTTP/1.1" 200 6
192.168.3.67 - - [13/Apr/2019:00:19:42 +0800] "GET /LogisticsSystem/EmployeeLogin?method=getcode&id=00100 HTTP/1.1" 200 6
127.0.0.1 - - [13/Apr/2019:00:22:02 +0800] "GET / HTTP/1.1" 404 1036
192.168.3.64 - - [13/Apr/2019:00:22:28 +0800] "GET /LogisticsSystem/management/AdminLogin?id=admin HTTP/1.1" 200 7
192.168.3.64 - - [13/Apr/2019:00:22:28 +0800] "GET /LogisticsSystem/management/AdminLogin?id=admin HTTP/1.1" 200 7
192.168.3.64 - - [13/Apr/2019:00:22:41 +0800] "GET /LogisticsSystem/management/AdminLogin?id=admin HTTP/1.1" 200 7
192.168.3.64 - - [13/Apr/2019:00:24:00 +0800] "GET /LogisticsSystem/management/AdminLogin?id=admin HTTP/1.1" 200 7
192.168.3.64 - - [13/Apr/2019:00:24:36 +0800] "GET /LogisticsSystem/management/AdminLogin?id=admin HTTP/1.1" 200 7
192.168.3.67 - - [13/Apr/2019:00:24:50 +0800] "GET /LogisticsSystem/EmployeeLogin?method=getcode&id=00100 HTTP/1.1" 200 6
192.168.3.67 - - [13/Apr/2019:00:24:56 +0800] "GET /LogisticsSystem/EmployeeLogin?method=getcode&id=00100 HTTP/1.1" 200 6
127.0.0.1 - - [13/Apr/2019:00:25:53 +0800] "GET / HTTP/1.1" 404 1036
192.168.3.67 - - [13/Apr/2019:00:26:19 +0800] "GET /LogisticsSystem/EmployeeLogin?method=getcode&id=00100 HTTP/1.1" 200 6
192.168.3.67 - - [13/Apr/2019:00:26:22 +0800] "GET /LogisticsSystem/EmployeeLogin?method=getcode&id=00100 HTTP/1.1" 200 6
192.168.3.64 - - [13/Apr/2019:00:28:46 +0800] "GET /LogisticsSystem/management/AdminLogin?id=admin HTTP/1.1" 200 7
192.168.3.64 - - [13/Apr/2019:00:32:29 +0800] "GET /LogisticsSystem/management/AdminLogin?id=admin HTTP/1.1" 200 7
192.168.3.64 - - [13/Apr/2019:00:32:51 +0800] "GET /LogisticsSystem/management/login.html HTTP/1.1" 304 -
192.168.3.64 - - [13/Apr/2019:00:32:51 +0800] "GET /LogisticsSystem/management/css/login.css HTTP/1.1" 304 -
192.168.3.64 - - [13/Apr/2019:00:32:51 +0800] "GET /LogisticsSystem/js/md5.js HTTP/1.1" 304 -
192.168.3.64 - - [13/Apr/2019:00:32:51 +0800] "GET /LogisticsSystem/management/js/login.js HTTP/1.1" 304 -
192.168.3.64 - - [13/Apr/2019:00:32:54 +0800] "GET /LogisticsSystem/management/AdminLogin?id=admin HTTP/1.1" 200 7
192.168.3.64 - - [13/Apr/2019:00:32:54 +0800] "GET /LogisticsSystem/management/AdminLogin?id= HTTP/1.1" 200 18
192.168.3.64 - - [13/Apr/2019:00:33:21 +0800] "GET /LogisticsSystem/management/AdminLogin?id=admin HTTP/1.1" 200 7
192.168.3.64 - - [13/Apr/2019:00:33:22 +0800] "GET /LogisticsSystem/management/login.html HTTP/1.1" 304 -
192.168.3.64 - - [13/Apr/2019:00:33:24 +0800] "GET /LogisticsSystem/management/login.html HTTP/1.1" 304 -
192.168.3.64 - - [13/Apr/2019:00:33:29 +0800] "GET /LogisticsSystem/management/AdminLogin?id=admin HTTP/1.1" 200 7
192.168.3.67 - - [13/Apr/2019:00:34:16 +0800] "GET /LogisticsSystem/EmployeeLogin?method=getcode&id=00100 HTTP/1.1" 200 4
192.168.3.67 - - [13/Apr/2019:00:34:19 +0800] "GET /LogisticsSystem/EmployeeLogin?method=getcode&id=00100 HTTP/1.1" 200 4
192.168.3.67 - - [13/Apr/2019:00:34:52 +0800] "GET /LogisticsSystem/EmployeeLogin?method=getcode&id=00100 HTTP/1.1" 200 4
192.168.3.67 - - [13/Apr/2019:00:34:55 +0800] "GET /LogisticsSystem/EmployeeLogin?method=getcode&id=00100 HTTP/1.1" 200 4
192.168.3.67 - - [13/Apr/2019:00:34:58 +0800] "GET /LogisticsSystem/EmployeeLogin?method=getcode&id=00100 HTTP/1.1" 200 4
192.168.3.64 - - [13/Apr/2019:00:35:01 +0800] "GET /LogisticsSystem/management/AdminLogin?id=admin HTTP/1.1" 200 7
192.168.3.64 - - [13/Apr/2019:00:35:25 +0800] "GET /LogisticsSystem/management/AdminLogin?id=admin HTTP/1.1" 200 7
192.168.3.67 - - [13/Apr/2019:00:37:22 +0800] "GET /LogisticsSystem/EmployeeLogin?method=getcode&id=00100 HTTP/1.1" 200 6
192.168.3.67 - - [13/Apr/2019:00:37:24 +0800] "GET /LogisticsSystem/EmployeeLogin?method=getcode&id=00100 HTTP/1.1" 200 6
127.0.0.1 - - [13/Apr/2019:00:37:33 +0800] "GET / HTTP/1.1" 404 1036
192.168.3.67 - - [13/Apr/2019:00:38:10 +0800] "GET /LogisticsSystem/EmployeeLogin?method=getcode&id=00100 HTTP/1.1" 200 6
192.168.3.67 - - [13/Apr/2019:00:38:12 +0800] "GET /LogisticsSystem/EmployeeLogin?method=getcode&id=00100 HTTP/1.1" 200 6
192.168.3.67 - - [13/Apr/2019:00:38:33 +0800] "GET /LogisticsSystem/EmployeeLogin?method=getcode&id=00100 HTTP/1.1" 200 6
192.168.3.67 - - [13/Apr/2019:00:38:35 +0800] "GET /LogisticsSystem/EmployeeLogin?method=getcode&id=00100 HTTP/1.1" 200 6
192.168.3.67 - - [13/Apr/2019:00:39:05 +0800] "GET /LogisticsSystem/EmployeeLogin?method=getcode&id=00100 HTTP/1.1" 200 6
192.168.3.64 - - [13/Apr/2019:00:39:05 +0800] "GET /LogisticsSystem/management/login.html HTTP/1.1" 304 -
192.168.3.67 - - [13/Apr/2019:00:39:06 +0800] "GET /LogisticsSystem/EmployeeLogin?method=getcode&id=00100 HTTP/1.1" 200 6
192.168.3.67 - - [13/Apr/2019:00:39:15 +0800] "GET /LogisticsSystem/EmployeeLogin?method=getcode&id=00100 HTTP/1.1" 200 6
192.168.3.67 - - [13/Apr/2019:00:39:18 +0800] "GET /LogisticsSystem/EmployeeLogin?method=getcode&id=00100 HTTP/1.1" 200 6
192.168.3.64 - - [13/Apr/2019:00:39:22 +0800] "GET /LogisticsSystem/management/AdminLogin?id=admin HTTP/1.1" 200 7
192.168.3.64 - - [13/Apr/2019:00:41:14 +0800] "GET /LogisticsSystem/management/AdminLogin?id= HTTP/1.1" 200 18
192.168.3.64 - - [13/Apr/2019:00:41:39 +0800] "GET /LogisticsSystem/management/AdminLogin?id=admin HTTP/1.1" 200 7
192.168.3.64 - - [13/Apr/2019:00:42:14 +0800] "GET /LogisticsSystem/management/AdminLogin?id=admin HTTP/1.1" 200 7
192.168.3.64 - - [13/Apr/2019:00:43:25 +0800] "GET /LogisticsSystem/management/AdminLogin?id=admin HTTP/1.1" 200 7
192.168.3.64 - - [13/Apr/2019:00:43:31 +0800] "GET /LogisticsSystem/management/login.html HTTP/1.1" 304 -
192.168.3.64 - - [13/Apr/2019:00:43:36 +0800] "GET /LogisticsSystem/management/AdminLogin?id=admin HTTP/1.1" 200 7
192.168.3.64 - - [13/Apr/2019:00:43:44 +0800] "GET /LogisticsSystem/management/login.html HTTP/1.1" 304 -
192.168.3.64 - - [13/Apr/2019:00:43:50 +0800] "GET /LogisticsSystem/management/AdminLogin?id=admin HTTP/1.1" 200 7
192.168.3.64 - - [13/Apr/2019:00:45:07 +0800] "GET /LogisticsSystem/management/AdminLogin?id=admin HTTP/1.1" 200 7
192.168.3.64 - - [13/Apr/2019:00:45:17 +0800] "GET /LogisticsSystem/management/login.html HTTP/1.1" 304 -
192.168.3.64 - - [13/Apr/2019:00:45:18 +0800] "GET /LogisticsSystem/management/AdminLogin?id= HTTP/1.1" 200 18
192.168.3.64 - - [13/Apr/2019:00:45:31 +0800] "GET /LogisticsSystem/management/AdminLogin?id=admin HTTP/1.1" 200 7
192.168.3.67 - - [13/Apr/2019:00:45:59 +0800] "GET /LogisticsSystem/EmployeeLogin?method=getcode&id=00100 HTTP/1.1" 200 13
192.168.3.64 - - [13/Apr/2019:00:46:46 +0800] "GET /LogisticsSystem/management/AdminLogin?id=admin HTTP/1.1" 200 7
127.0.0.1 - - [13/Apr/2019:00:47:15 +0800] "GET / HTTP/1.1" 404 1036
192.168.3.64 - - [13/Apr/2019:00:47:16 +0800] "GET /LogisticsSystem/management/login.html HTTP/1.1" 304 -
192.168.3.64 - - [13/Apr/2019:00:47:29 +0800] "GET /LogisticsSystem/management/AdminLogin?id=admin HTTP/1.1" 200 7
192.168.3.67 - - [13/Apr/2019:00:47:56 +0800] "GET /LogisticsSystem/EmployeeLogin?method=getcode&id=00100 HTTP/1.1" 200 13
192.168.3.67 - - [13/Apr/2019:00:48:06 +0800] "GET /LogisticsSystem/EmployeeLogin?method=getcode&id=00100 HTTP/1.1" 200 13
192.168.3.64 - - [13/Apr/2019:00:49:41 +0800] "GET /LogisticsSystem/management/AdminLogin?id=admin HTTP/1.1" 200 7
127.0.0.1 - - [13/Apr/2019:00:51:23 +0800] "GET / HTTP/1.1" 404 1036
192.168.3.67 - - [13/Apr/2019:00:51:49 +0800] "GET /LogisticsSystem/EmployeeLogin?method=getcode&id=00100 HTTP/1.1" 200 6
192.168.3.67 - - [13/Apr/2019:00:51:52 +0800] "GET /LogisticsSystem/EmployeeLogin?method=getcode&id=00100 HTTP/1.1" 200 6
192.168.3.67 - - [13/Apr/2019:00:52:36 +0800] "GET /LogisticsSystem/EmployeeLogin?method=getcode&id=00100 HTTP/1.1" 200 6
192.168.3.67 - - [13/Apr/2019:00:52:38 +0800] "GET /LogisticsSystem/EmployeeLogin?method=getcode&id=00100 HTTP/1.1" 200 6
192.168.3.64 - - [13/Apr/2019:00:52:42 +0800] "GET /LogisticsSystem/management/AdminLogin?id=admin HTTP/1.1" 200 7
127.0.0.1 - - [13/Apr/2019:00:55:15 +0800] "GET / HTTP/1.1" 404 1036
192.168.3.64 - - [13/Apr/2019:00:55:54 +0800] "GET /LogisticsSystem/management/AdminLogin?id=admin HTTP/1.1" 200 7
192.168.3.64 - - [13/Apr/2019:00:56:25 +0800] "GET /LogisticsSystem/management/AdminLogin?id=admin HTTP/1.1" 200 7
192.168.3.64 - - [13/Apr/2019:00:57:11 +0800] "GET /LogisticsSystem/management/AdminLogin?id=admin HTTP/1.1" 200 7
192.168.3.64 - - [13/Apr/2019:00:58:04 +0800] "GET /LogisticsSystem/management/AdminLogin?id=admin HTTP/1.1" 200 7
192.168.3.64 - - [13/Apr/2019:00:58:10 +0800] "GET /LogisticsSystem/management/AdminLogin?id=admin HTTP/1.1" 200 7
192.168.3.64 - - [13/Apr/2019:00:58:18 +0800] "GET /LogisticsSystem/management/AdminLogin?id=admin HTTP/1.1" 200 7
192.168.3.64 - - [13/Apr/2019:00:58:22 +0800] "GET /LogisticsSystem/management/AdminLogin?id=admin HTTP/1.1" 200 7
192.168.3.64 - - [13/Apr/2019:00:58:29 +0800] "GET /LogisticsSystem/management/AdminLogin?id=admin HTTP/1.1" 200 7
127.0.0.1 - - [13/Apr/2019:00:59:04 +0800] "GET / HTTP/1.1" 404 1036
192.168.3.64 - - [13/Apr/2019:00:59:22 +0800] "GET /LogisticsSystem/management/login.html HTTP/1.1" 304 -
192.168.3.64 - - [13/Apr/2019:00:59:29 +0800] "GET /LogisticsSystem/management/AdminLogin?id=admin HTTP/1.1" 200 7
192.168.3.64 - - [13/Apr/2019:00:59:41 +0800] "GET /LogisticsSystem/management/login.html HTTP/1.1" 304 -
192.168.3.64 - - [13/Apr/2019:00:59:54 +0800] "GET /LogisticsSystem/management/AdminLogin?id= HTTP/1.1" 200 18
192.168.3.64 - - [13/Apr/2019:00:59:58 +0800] "GET /LogisticsSystem/management/AdminLogin?id=admin HTTP/1.1" 200 7
192.168.3.64 - - [13/Apr/2019:01:00:12 +0800] "GET /LogisticsSystem/management/login.html HTTP/1.1" 304 -
192.168.3.64 - - [13/Apr/2019:01:00:16 +0800] "GET /LogisticsSystem/management/AdminLogin?id=admin HTTP/1.1" 200 7
192.168.3.80 - - [13/Apr/2019:01:01:11 +0800] "GET /LogisticsSystem/EmployeeLogin?method=getcode&id=00100 HTTP/1.1" 200 12
192.168.3.64 - - [13/Apr/2019:01:01:27 +0800] "GET /LogisticsSystem/management/AdminLogin?id=admin HTTP/1.1" 200 7
192.168.3.67 - - [13/Apr/2019:01:01:56 +0800] "GET /LogisticsSystem/EmployeeLogin?method=getcode&id=00100 HTTP/1.1" 200 13
192.168.3.67 - - [13/Apr/2019:01:02:16 +0800] "GET /LogisticsSystem/EmployeeLogin?method=getcode&id=00100 HTTP/1.1" 200 13
192.168.3.80 - - [13/Apr/2019:01:02:36 +0800] "GET /LogisticsSystem/EmployeeLogin?method=getcode&id=00100 HTTP/1.1" 200 13
127.0.0.1 - - [13/Apr/2019:01:02:58 +0800] "GET / HTTP/1.1" 404 1036
127.0.0.1 - - [13/Apr/2019:01:03:16 +0800] "GET / HTTP/1.1" 404 1036
192.168.3.64 - - [13/Apr/2019:01:03:40 +0800] "GET /LogisticsSystem/management/AdminLogin?id=admin HTTP/1.1" 200 7
192.168.3.80 - - [13/Apr/2019:01:04:05 +0800] "GET /LogisticsSystem/EmployeeLogin?method=getcode&id=00100 HTTP/1.1" 200 12
192.168.3.80 - - [13/Apr/2019:01:04:54 +0800] "GET /LogisticsSystem/EmployeeLogin?method=getcode&id=00100 HTTP/1.1" 200 13
192.168.3.80 - - [13/Apr/2019:01:05:14 +0800] "GET /LogisticsSystem/EmployeeLogin?method=getcode&id=00100 HTTP/1.1" 200 13
127.0.0.1 - - [13/Apr/2019:01:06:13 +0800] "GET / HTTP/1.1" 404 1036
192.168.3.67 - - [13/Apr/2019:01:06:42 +0800] "GET /LogisticsSystem/EmployeeLogin?method=getcode&id=00100 HTTP/1.1" 200 6
192.168.3.67 - - [13/Apr/2019:01:06:44 +0800] "GET /LogisticsSystem/EmployeeLogin?method=getcode&id=00100 HTTP/1.1" 200 6
192.168.3.67 - - [13/Apr/2019:01:07:20 +0800] "GET /LogisticsSystem/EmployeeLogin?method=getcode&id=00100 HTTP/1.1" 200 6
192.168.3.67 - - [13/Apr/2019:01:07:23 +0800] "GET /LogisticsSystem/EmployeeLogin?method=getcode&id=00100 HTTP/1.1" 200 6
192.168.3.80 - - [13/Apr/2019:01:07:43 +0800] "GET /LogisticsSystem/EmployeeLogin?method=getcode&id=00100 HTTP/1.1" 200 6
192.168.3.80 - - [13/Apr/2019:01:07:46 +0800] "GET /LogisticsSystem/EmployeeLogin?method=getcode&id=00100 HTTP/1.1" 200 6
192.168.3.64 - - [13/Apr/2019:01:08:08 +0800] "GET /LogisticsSystem/management/AdminLogin?id=admin HTTP/1.1" 200 7
192.168.3.80 - - [13/Apr/2019:01:08:13 +0800] "GET /LogisticsSystem/EmployeeLogin?method=getcode&id=00100 HTTP/1.1" 200 12
192.168.3.67 - - [13/Apr/2019:01:08:57 +0800] "GET /LogisticsSystem/EmployeeLogin?method=getcode&id=00100 HTTP/1.1" 200 13
192.168.3.67 - - [13/Apr/2019:01:08:57 +0800] "GET /LogisticsSystem/EmployeeLogin?method=getcode&id=00100 HTTP/1.1" 200 13
192.168.3.67 - - [13/Apr/2019:01:10:04 +0800] "GET /LogisticsSystem/EmployeeLogin?method=getcode&id=3111110 HTTP/1.1" 200 13
192.168.3.67 - - [13/Apr/2019:01:10:06 +0800] "GET /LogisticsSystem/EmployeeLogin?method=getcode&id=3111110 HTTP/1.1" 200 13
192.168.3.80 - - [13/Apr/2019:01:11:02 +0800] "GET /LogisticsSystem/EmployeeLogin?method=getcode&id=00100 HTTP/1.1" 200 13
192.168.3.80 - - [13/Apr/2019:01:11:05 +0800] "GET /LogisticsSystem/EmployeeLogin?method=getcode&id=00100 HTTP/1.1" 200 13
192.168.3.80 - - [13/Apr/2019:01:11:32 +0800] "GET /LogisticsSystem/EmployeeLogin?method=getcode&id=00100 HTTP/1.1" 200 13
192.168.3.80 - - [13/Apr/2019:01:11:35 +0800] "GET /LogisticsSystem/EmployeeLogin?method=getcode&id=00100 HTTP/1.1" 200 12
192.168.3.80 - - [13/Apr/2019:01:11:35 +0800] "GET /LogisticsSystem/EmployeeLogin?method=getcode&id=00100 HTTP/1.1" 200 12
192.168.3.80 - - [13/Apr/2019:01:11:55 +0800] "GET /LogisticsSystem/EmployeeLogin?method=getcode&id=00100 HTTP/1.1" 200 13
192.168.3.80 - - [13/Apr/2019:01:12:27 +0800] "GET /LogisticsSystem/EmployeeLogin?method=getcode&id=3110011 HTTP/1.1" 200 13
192.168.3.80 - - [13/Apr/2019:01:12:27 +0800] "GET /LogisticsSystem/EmployeeLogin?method=getcode&id=3110011 HTTP/1.1" 200 13
192.168.3.80 - - [13/Apr/2019:01:13:01 +0800] "GET /LogisticsSystem/EmployeeLogin?method=getcode&id=3110011 HTTP/1.1" 200 12
127.0.0.1 - - [13/Apr/2019:07:42:06 +0800] "GET / HTTP/1.1" 404 1036
192.168.3.64 - - [13/Apr/2019:07:42:19 +0800] "GET /LogisticsSystem/management/login.html HTTP/1.1" 304 -
192.168.3.64 - - [13/Apr/2019:07:42:20 +0800] "GET /LogisticsSystem/js/md5.js HTTP/1.1" 304 -
192.168.3.64 - - [13/Apr/2019:07:42:20 +0800] "GET /LogisticsSystem/management/css/login.css HTTP/1.1" 304 -
192.168.3.64 - - [13/Apr/2019:07:42:20 +0800] "GET /LogisticsSystem/management/js/login.js HTTP/1.1" 304 -
192.168.3.64 - - [13/Apr/2019:07:42:20 +0800] "GET /favicon.ico HTTP/1.1" 404 1047
192.168.3.64 - - [13/Apr/2019:07:42:26 +0800] "GET /LogisticsSystem/management/AdminLogin?id=admin HTTP/1.1" 200 7
192.168.3.67 - - [13/Apr/2019:07:44:53 +0800] "GET /LogisticsSystem/EmployeeLogin?method=getcode&id=3111110 HTTP/1.1" 200 12
127.0.0.1 - - [13/Apr/2019:09:05:20 +0800] "GET / HTTP/1.1" 404 1036
127.0.0.1 - - [13/Apr/2019:09:05:31 +0800] "GET /LogisticsSystem/ HTTP/1.1" 200 2432
127.0.0.1 - - [13/Apr/2019:09:05:31 +0800] "GET /LogisticsSystem/js/index.js HTTP/1.1" 200 361
127.0.0.1 - - [13/Apr/2019:09:05:31 +0800] "GET /LogisticsSystem/css/common.css HTTP/1.1" 200 787
127.0.0.1 - - [13/Apr/2019:09:05:31 +0800] "GET /LogisticsSystem/img/logo.jpg HTTP/1.1" 200 16600
127.0.0.1 - - [13/Apr/2019:09:05:31 +0800] "GET /LogisticsSystem/css/index.css HTTP/1.1" 200 1542
127.0.0.1 - - [13/Apr/2019:09:05:31 +0800] "GET /LogisticsSystem/js/jquery.slides.js HTTP/1.1" 200 21170
127.0.0.1 - - [13/Apr/2019:09:05:32 +0800] "GET /LogisticsSystem/js/jquery-3.3.1.min.js HTTP/1.1" 200 86927
127.0.0.1 - - [13/Apr/2019:09:05:32 +0800] "GET /LogisticsSystem/img/banner02.jpg HTTP/1.1" 200 140557
127.0.0.1 - - [13/Apr/2019:09:05:32 +0800] "GET /LogisticsSystem/img/banner03.jpg HTTP/1.1" 200 16704
127.0.0.1 - - [13/Apr/2019:09:05:32 +0800] "GET /LogisticsSystem/img/pagination.png HTTP/1.1" 200 2998
127.0.0.1 - - [13/Apr/2019:09:05:32 +0800] "GET /LogisticsSystem/img/bg_text.png HTTP/1.1" 200 3143
127.0.0.1 - - [13/Apr/2019:09:05:32 +0800] "GET /LogisticsSystem/img/banner01.jpg HTTP/1.1" 200 665857
127.0.0.1 - - [13/Apr/2019:09:05:32 +0800] "GET /LogisticsSystem/img/banner04.jpg HTTP/1.1" 200 77292
127.0.0.1 - - [13/Apr/2019:09:05:32 +0800] "GET /favicon.ico HTTP/1.1" 404 1047
127.0.0.1 - - [13/Apr/2019:09:05:56 +0800] "GET /LogisticsSystem/waybill-print-input.jsp HTTP/1.1" 200 1112
192.168.43.117 - - [13/Apr/2019:09:06:38 +0800] "GET /LogisticsSystem/management/login.html HTTP/1.1" 200 1381
192.168.43.117 - - [13/Apr/2019:09:06:38 +0800] "GET /LogisticsSystem/management/css/login.css HTTP/1.1" 200 5299
192.168.43.117 - - [13/Apr/2019:09:06:38 +0800] "GET /LogisticsSystem/js/md5.js HTTP/1.1" 200 6846
192.168.43.117 - - [13/Apr/2019:09:06:38 +0800] "GET /LogisticsSystem/management/js/login.js HTTP/1.1" 200 2477
192.168.43.117 - - [13/Apr/2019:09:06:38 +0800] "GET /LogisticsSystem/js/jquery-3.3.1.min.js HTTP/1.1" 200 86927
192.168.43.117 - - [13/Apr/2019:09:06:38 +0800] "GET /favicon.ico HTTP/1.1" 404 1047
192.168.43.117 - - [13/Apr/2019:09:07:29 +0800] "GET /LogisticsSystem/waybill-print-input.jsp HTTP/1.1" 200 1112
192.168.43.117 - - [13/Apr/2019:09:07:35 +0800] "GET /LogisticsSystem/WaybillPrint?id=test00001 HTTP/1.1" 200 33
127.0.0.1 - - [13/Apr/2019:09:09:15 +0800] "GET / HTTP/1.1" 404 1036
127.0.0.1 - - [13/Apr/2019:09:43:01 +0800] "GET / HTTP/1.1" 404 1036
127.0.0.1 - - [13/Apr/2019:09:44:30 +0800] "GET /LogisticsSystem/management/login.html HTTP/1.1" 200 1381
127.0.0.1 - - [13/Apr/2019:09:44:30 +0800] "GET /LogisticsSystem/js/md5.js HTTP/1.1" 200 6846
127.0.0.1 - - [13/Apr/2019:09:44:30 +0800] "GET /LogisticsSystem/management/js/login.js HTTP/1.1" 200 2477
127.0.0.1 - - [13/Apr/2019:09:44:30 +0800] "GET /LogisticsSystem/management/css/login.css HTTP/1.1" 200 5299
127.0.0.1 - - [13/Apr/2019:09:44:31 +0800] "GET /favicon.ico HTTP/1.1" 404 1047
127.0.0.1 - - [13/Apr/2019:09:44:36 +0800] "GET /LogisticsSystem/management/AdminLogin?id=admin HTTP/1.1" 200 12
127.0.0.1 - - [13/Apr/2019:09:45:08 +0800] "GET /LogisticsSystem/management/AdminLogin?id=admin HTTP/1.1" 200 7
127.0.0.1 - - [13/Apr/2019:09:45:27 +0800] "POST /LogisticsSystem/management/AdminLogin HTTP/1.1" 200 42
127.0.0.1 - - [13/Apr/2019:09:45:34 +0800] "POST /LogisticsSystem/management/AdminLogin HTTP/1.1" 200 13
127.0.0.1 - - [13/Apr/2019:09:45:34 +0800] "GET /LogisticsSystem/management/ HTTP/1.1" 200 967
127.0.0.1 - - [13/Apr/2019:09:45:34 +0800] "GET /LogisticsSystem/management/js/index.js HTTP/1.1" 200 623
127.0.0.1 - - [13/Apr/2019:09:45:34 +0800] "GET /LogisticsSystem/management/img/icon-2.png HTTP/1.1" 200 7955
127.0.0.1 - - [13/Apr/2019:09:45:34 +0800] "GET /LogisticsSystem/management/css/page.css HTTP/1.1" 200 971
127.0.0.1 - - [13/Apr/2019:09:45:34 +0800] "GET /LogisticsSystem/management/img/icon-1.png HTTP/1.1" 200 11126
127.0.0.1 - - [13/Apr/2019:09:45:34 +0800] "GET /LogisticsSystem/management/img/icon-3.png HTTP/1.1" 200 11436
127.0.0.1 - - [13/Apr/2019:09:45:34 +0800] "GET /LogisticsSystem/img/loading.gif HTTP/1.1" 200 36733
127.0.0.1 - - [13/Apr/2019:09:45:35 +0800] "GET /LogisticsSystem/management/Employee HTTP/1.1" 200 1703
127.0.0.1 - - [13/Apr/2019:09:45:49 +0800] "GET /LogisticsSystem/management/permission.jsp HTTP/1.1" 200 983
127.0.0.1 - - [13/Apr/2019:09:46:07 +0800] "GET /LogisticsSystem/management/Employee HTTP/1.1" 200 1703
127.0.0.1 - - [13/Apr/2019:09:46:08 +0800] "GET /LogisticsSystem/management/permission.jsp HTTP/1.1" 200 983
127.0.0.1 - - [13/Apr/2019:09:46:09 +0800] "GET /LogisticsSystem/management/Employee HTTP/1.1" 200 1703
127.0.0.1 - - [13/Apr/2019:09:46:11 +0800] "GET /LogisticsSystem/management/permission.jsp HTTP/1.1" 200 983
127.0.0.1 - - [13/Apr/2019:09:46:12 +0800] "GET /LogisticsSystem/management/permission.jsp HTTP/1.1" 200 983
127.0.0.1 - - [13/Apr/2019:09:46:13 +0800] "GET /LogisticsSystem/management/Employee HTTP/1.1" 200 1703
127.0.0.1 - - [13/Apr/2019:10:00:47 +0800] "GET / HTTP/1.1" 404 1036
127.0.0.1 - - [13/Apr/2019:10:00:56 +0800] "GET /LogisticsSystem/waybill-print-input.jsp HTTP/1.1" 200 1112
127.0.0.1 - - [13/Apr/2019:10:01:07 +0800] "GET /LogisticsSystem HTTP/1.1" 302 -
127.0.0.1 - - [13/Apr/2019:10:01:07 +0800] "GET /LogisticsSystem/ HTTP/1.1" 200 2432
127.0.0.1 - - [13/Apr/2019:10:01:10 +0800] "GET /LogisticsSystem/tracking-input.jsp HTTP/1.1" 200 1108
127.0.0.1 - - [13/Apr/2019:10:01:14 +0800] "GET /LogisticsSystem/Tracking?id=test00001 HTTP/1.1" 200 8169
127.0.0.1 - - [13/Apr/2019:10:23:16 +0800] "GET / HTTP/1.1" 404 1036
192.168.3.67 - - [13/Apr/2019:10:27:36 +0800] "GET /LogisticsSystem/EmployeeLogin?method=getcode&id=00100 HTTP/1.1" 200 6
127.0.0.1 - - [13/Apr/2019:10:40:28 +0800] "GET / HTTP/1.1" 404 1036
192.168.3.64 - - [13/Apr/2019:10:40:44 +0800] "GET /LogisticsSystem/ HTTP/1.1" 200 2432
192.168.3.64 - - [13/Apr/2019:10:40:44 +0800] "GET /LogisticsSystem/css/common.css HTTP/1.1" 304 -
192.168.3.64 - - [13/Apr/2019:10:40:44 +0800] "GET /LogisticsSystem/css/index.css HTTP/1.1" 304 -
192.168.3.64 - - [13/Apr/2019:10:40:44 +0800] "GET /LogisticsSystem/img/banner01.jpg HTTP/1.1" 304 -
192.168.3.64 - - [13/Apr/2019:10:40:44 +0800] "GET /LogisticsSystem/js/index.js HTTP/1.1" 304 -
192.168.3.64 - - [13/Apr/2019:10:40:44 +0800] "GET /LogisticsSystem/img/logo.jpg HTTP/1.1" 304 -
192.168.3.64 - - [13/Apr/2019:10:40:44 +0800] "GET /LogisticsSystem/js/jquery.slides.js HTTP/1.1" 304 -
192.168.3.64 - - [13/Apr/2019:10:40:44 +0800] "GET /LogisticsSystem/img/banner03.jpg HTTP/1.1" 304 -
192.168.3.64 - - [13/Apr/2019:10:40:44 +0800] "GET /LogisticsSystem/img/banner02.jpg HTTP/1.1" 304 -
192.168.3.64 - - [13/Apr/2019:10:40:44 +0800] "GET /LogisticsSystem/img/banner04.jpg HTTP/1.1" 304 -
192.168.3.64 - - [13/Apr/2019:10:40:44 +0800] "GET /LogisticsSystem/img/pagination.png HTTP/1.1" 304 -
192.168.3.64 - - [13/Apr/2019:10:40:44 +0800] "GET /favicon.ico HTTP/1.1" 404 1047
192.168.3.64 - - [13/Apr/2019:10:41:18 +0800] "GET /LogisticsSystem/order.jsp HTTP/1.1" 200 14036
192.168.3.64 - - [13/Apr/2019:10:41:18 +0800] "GET /LogisticsSystem/js/order.js HTTP/1.1" 304 -
192.168.3.64 - - [13/Apr/2019:10:41:18 +0800] "GET /LogisticsSystem/css/order.css HTTP/1.1" 304 -
192.168.3.64 - - [13/Apr/2019:10:41:27 +0800] "GET /LogisticsSystem/RegionServlet?pid=350000 HTTP/1.1" 200 190
192.168.3.64 - - [13/Apr/2019:10:41:35 +0800] "GET /LogisticsSystem/RegionServlet?pid=350400 HTTP/1.1" 200 250
192.168.3.64 - - [13/Apr/2019:10:41:37 +0800] "GET /LogisticsSystem/RegionServlet?pid=350500 HTTP/1.1" 200 253
192.168.3.64 - - [13/Apr/2019:10:41:53 +0800] "GET /LogisticsSystem/RegionServlet?pid=350000 HTTP/1.1" 200 190
192.168.3.64 - - [13/Apr/2019:10:41:56 +0800] "GET /LogisticsSystem/RegionServlet?pid=350500 HTTP/1.1" 200 253
192.168.3.64 - - [13/Apr/2019:10:42:04 +0800] "POST /LogisticsSystem/Order HTTP/1.1" 200 1838
192.168.3.64 - - [13/Apr/2019:10:42:15 +0800] "GET /LogisticsSystem/waybill-print-input.jsp HTTP/1.1" 200 1112
192.168.3.64 - - [13/Apr/2019:10:42:22 +0800] "GET /LogisticsSystem/WaybillPrint?id=201904131042038011 HTTP/1.1" 200 1838
192.168.3.64 - - [13/Apr/2019:10:42:32 +0800] "GET /LogisticsSystem/tracking-input.jsp HTTP/1.1" 200 1108
192.168.3.64 - - [13/Apr/2019:10:42:39 +0800] "GET /LogisticsSystem/Tracking?id=201904110039440724 HTTP/1.1" 200 2984
192.168.3.67 - - [13/Apr/2019:10:43:02 +0800] "GET /LogisticsSystem/EmployeeLogin?method=getcode&id=3111110 HTTP/1.1" 200 12
192.168.3.67 - - [13/Apr/2019:10:43:50 +0800] "POST /LogisticsSystem/EmployeeLogin HTTP/1.1" 200 12
192.168.3.67 - - [13/Apr/2019:10:43:50 +0800] "GET /LogisticsSystem/Client/Home HTTP/1.1" 200 111
192.168.3.64 - - [13/Apr/2019:10:45:03 +0800] "GET /LogisticsSystem/tracking-input.jsp HTTP/1.1" 200 1108
192.168.3.64 - - [13/Apr/2019:10:45:07 +0800] "GET /LogisticsSystem/Tracking?id=201904131042038011 HTTP/1.1" 200 1550
192.168.3.67 - - [13/Apr/2019:10:45:32 +0800] "GET /LogisticsSystem/Client/LogUpdateServlet?id=201904131042038011&des=350503&method=1 HTTP/1.1" 200 57
192.168.3.67 - - [13/Apr/2019:10:45:34 +0800] "POST /LogisticsSystem/Client/LogUpdateServlet HTTP/1.1" 200 4
192.168.3.64 - - [13/Apr/2019:10:45:37 +0800] "GET /LogisticsSystem/Tracking?id=201904131042038011 HTTP/1.1" 200 1733
192.168.3.64 - - [13/Apr/2019:10:58:35 +0800] "GET /LogisticsSystem/tracking-input.jsp HTTP/1.1" 200 1108
127.0.0.1 - - [13/Apr/2019:10:58:56 +0800] "GET /LogisticsSystem/tracking-input.jsp HTTP/1.1" 200 1108
127.0.0.1 - - [13/Apr/2019:10:59:00 +0800] "GET /LogisticsSystem/Tracking?id=test00001 HTTP/1.1" 200 8169
127.0.0.1 - - [13/Apr/2019:10:59:06 +0800] "GET /LogisticsSystem/order.jsp HTTP/1.1" 200 14036
127.0.0.1 - - [13/Apr/2019:10:59:06 +0800] "GET /LogisticsSystem/js/order.js HTTP/1.1" 200 1327
127.0.0.1 - - [13/Apr/2019:10:59:06 +0800] "GET /LogisticsSystem/css/order.css HTTP/1.1" 200 852
127.0.0.1 - - [13/Apr/2019:10:59:06 +0800] "GET /LogisticsSystem/img/warning.png HTTP/1.1" 200 3233
