192.168.3.64 - - [12/Apr/2019:00:23:09 +0800] "GET /LogisticsSystem/Tracking?id=test00001 HTTP/1.1" 200 3230
192.168.3.64 - - [12/Apr/2019:00:23:10 +0800] "GET /LogisticsSystem/Tracking?id=test00001 HTTP/1.1" 200 3230
192.168.3.64 - - [12/Apr/2019:00:23:11 +0800] "GET /LogisticsSystem/Tracking?id=test00001 HTTP/1.1" 200 3230
192.168.3.64 - - [12/Apr/2019:01:15:25 +0800] "GET /LogisticsSystem/Tracking?id=201904110039 HTTP/1.1" 200 1547
127.0.0.1 - - [12/Apr/2019:11:15:14 +0800] "GET / HTTP/1.1" 404 1036
192.168.3.80 - - [12/Apr/2019:11:15:57 +0800] "GET /LogisticsSystem/EmployeeLogin?method=getcode&id=3111110 HTTP/1.1" 200 6
192.168.3.80 - - [12/Apr/2019:11:15:59 +0800] "GET /LogisticsSystem/EmployeeLogin?method=getcode&id=3111110 HTTP/1.1" 200 6
192.168.3.80 - - [12/Apr/2019:11:16:06 +0800] "GET /LogisticsSystem/EmployeeLogin?method=getcode&id= HTTP/1.1" 200 18
192.168.3.80 - - [12/Apr/2019:11:16:10 +0800] "GET /LogisticsSystem/EmployeeLogin?method=getcode&id=3111110 HTTP/1.1" 200 6
192.168.3.80 - - [12/Apr/2019:11:16:12 +0800] "GET /LogisticsSystem/EmployeeLogin?method=getcode&id=3111110 HTTP/1.1" 200 6
192.168.3.80 - - [12/Apr/2019:11:16:21 +0800] "GET /LogisticsSystem/EmployeeLogin?method=getcode&id=3111110 HTTP/1.1" 200 6
192.168.3.80 - - [12/Apr/2019:11:16:46 +0800] "GET /LogisticsSystem/EmployeeLogin?method=getcode&id=3111110 HTTP/1.1" 200 6
192.168.3.80 - - [12/Apr/2019:11:18:03 +0800] "GET /LogisticsSystem/EmployeeLogin?method=getcode&id=3111110 HTTP/1.1" 200 12
192.168.3.80 - - [12/Apr/2019:11:18:05 +0800] "GET /LogisticsSystem/EmployeeLogin?method=getcode&id=3111110 HTTP/1.1" 200 12
192.168.3.80 - - [12/Apr/2019:11:18:12 +0800] "GET /LogisticsSystem/EmployeeLogin?method=getcode&id=3111110 HTTP/1.1" 200 12
192.168.3.80 - - [12/Apr/2019:11:18:15 +0800] "GET /LogisticsSystem/EmployeeLogin?method=getcode&id=3111110 HTTP/1.1" 200 12
192.168.3.80 - - [12/Apr/2019:11:18:15 +0800] "GET /LogisticsSystem/EmployeeLogin?method=getcode&id=3111110 HTTP/1.1" 200 12
192.168.3.80 - - [12/Apr/2019:11:18:48 +0800] "GET /LogisticsSystem/EmployeeLogin?method=getcode&id=3111110 HTTP/1.1" 200 12
192.168.3.80 - - [12/Apr/2019:11:19:00 +0800] "POST /LogisticsSystem/EmployeeLogin HTTP/1.1" 200 12
192.168.3.80 - - [12/Apr/2019:11:19:01 +0800] "GET /LogisticsSystem/Client/Home HTTP/1.1" 200 111
192.168.3.80 - - [12/Apr/2019:11:19:23 +0800] "GET /LogisticsSystem/Client/LogUpdateServlet?id=test00001&des=445203 HTTP/1.1" 200 44
192.168.3.80 - - [12/Apr/2019:11:24:58 +0800] "GET /LogisticsSystem/Client/LogUpdateServlet?id=test00001&des=445203 HTTP/1.1" 200 57
192.168.3.80 - - [12/Apr/2019:11:26:56 +0800] "POST /LogisticsSystem/Client/LogUpdateServlet HTTP/1.1" 200 4
192.168.3.64 - - [12/Apr/2019:11:27:12 +0800] "GET /LogisticsSystem/Tracking?id=test000001 HTTP/1.1" 200 1547
192.168.3.64 - - [12/Apr/2019:11:27:12 +0800] "GET /LogisticsSystem/img/logo.jpg HTTP/1.1" 304 -
192.168.3.64 - - [12/Apr/2019:11:27:12 +0800] "GET /LogisticsSystem/css/common.css HTTP/1.1" 304 -
192.168.3.64 - - [12/Apr/2019:11:27:12 +0800] "GET /favicon.ico HTTP/1.1" 404 1047
192.168.3.64 - - [12/Apr/2019:11:27:15 +0800] "GET /LogisticsSystem/Tracking?id=test000001 HTTP/1.1" 200 1547
192.168.3.64 - - [12/Apr/2019:11:27:16 +0800] "GET /LogisticsSystem/Tracking?id=test000001 HTTP/1.1" 200 1547
192.168.3.64 - - [12/Apr/2019:11:27:21 +0800] "GET /LogisticsSystem/Tracking?id=test00001 HTTP/1.1" 200 3428
192.168.3.67 - - [12/Apr/2019:11:30:49 +0800] "GET /LogisticsSystem/Client/LogUpdateServlet?id=test00001&des=445203 HTTP/1.1" 200 44
192.168.3.67 - - [12/Apr/2019:11:30:57 +0800] "GET /LogisticsSystem/Client/LogUpdateServlet?id=test00001&des=445203 HTTP/1.1" 200 44
192.168.3.67 - - [12/Apr/2019:11:31:04 +0800] "GET /LogisticsSystem/Client/LogUpdateServlet?id=test00001&des=445203 HTTP/1.1" 200 44
192.168.3.67 - - [12/Apr/2019:11:31:09 +0800] "GET /LogisticsSystem/Client/LogUpdateServlet?id=201904110039440724&des=350602 HTTP/1.1" 200 57
192.168.3.67 - - [12/Apr/2019:12:00:01 +0800] "GET /LogisticsSystem/Client/LogUpdateServlet?id=201904110039440724&des=350602 HTTP/1.1" 200 57
192.168.3.80 - - [12/Apr/2019:12:01:57 +0800] "GET /LogisticsSystem/Client/LogUpdateServlet?id=test00001&des=445203 HTTP/1.1" 200 44
192.168.3.80 - - [12/Apr/2019:12:02:50 +0800] "GET /LogisticsSystem/Client/LogUpdateServlet?id=201904110039440724&des=350602 HTTP/1.1" 200 57
192.168.3.80 - - [12/Apr/2019:12:02:56 +0800] "GET /LogisticsSystem/Client/LogUpdateServlet?id=201904102139156696&des=350502 HTTP/1.1" 200 57
192.168.3.80 - - [12/Apr/2019:12:04:01 +0800] "GET /LogisticsSystem/Client/LogUpdateServlet?id=test00001&des=445203 HTTP/1.1" 200 44
192.168.3.80 - - [12/Apr/2019:12:19:18 +0800] "GET /LogisticsSystem/EmployeeLogin?method=getcode&id=3111110 HTTP/1.1" 200 12
192.168.3.80 - - [12/Apr/2019:12:19:20 +0800] "GET /LogisticsSystem/EmployeeLogin?method=getcode&id=3111110 HTTP/1.1" 200 12
192.168.3.80 - - [12/Apr/2019:12:19:36 +0800] "GET /LogisticsSystem/EmployeeLogin?method=getcode&id=3111110 HTTP/1.1" 200 12
192.168.3.80 - - [12/Apr/2019:12:19:38 +0800] "GET /LogisticsSystem/EmployeeLogin?method=getcode&id=3111110 HTTP/1.1" 200 12
192.168.3.80 - - [12/Apr/2019:12:19:44 +0800] "GET /LogisticsSystem/EmployeeLogin?method=getcode&id=3111110 HTTP/1.1" 200 12
192.168.3.80 - - [12/Apr/2019:12:20:01 +0800] "POST /LogisticsSystem/EmployeeLogin HTTP/1.1" 200 12
192.168.3.80 - - [12/Apr/2019:12:20:02 +0800] "GET /LogisticsSystem/Client/Home HTTP/1.1" 500 1569
192.168.3.80 - - [12/Apr/2019:12:20:57 +0800] "GET /LogisticsSystem/Client/EmployeeLogout HTTP/1.1" 200 12
192.168.3.80 - - [12/Apr/2019:12:21:15 +0800] "GET /LogisticsSystem/EmployeeLogin?method=getcode&id= HTTP/1.1" 200 18
192.168.3.80 - - [12/Apr/2019:12:21:23 +0800] "GET null null" 400 -
192.168.3.80 - - [12/Apr/2019:12:21:49 +0800] "GET /LogisticsSystem/EmployeeLogin?method=getcode&id=3111110 HTTP/1.1" 200 12
192.168.3.80 - - [12/Apr/2019:12:21:51 +0800] "GET /LogisticsSystem/EmployeeLogin?method=getcode&id=3111110 HTTP/1.1" 200 12
192.168.3.80 - - [12/Apr/2019:12:22:03 +0800] "GET /LogisticsSystem/EmployeeLogin?method=getcode&id=3111110 HTTP/1.1" 200 12
192.168.3.80 - - [12/Apr/2019:12:22:06 +0800] "GET /LogisticsSystem/EmployeeLogin?method=getcode&id=3111110 HTTP/1.1" 200 12
192.168.3.80 - - [12/Apr/2019:12:22:06 +0800] "GET /LogisticsSystem/EmployeeLogin?method=getcode&id=3111110 HTTP/1.1" 200 12
192.168.3.80 - - [12/Apr/2019:12:22:24 +0800] "POST /LogisticsSystem/EmployeeLogin HTTP/1.1" 200 12
192.168.3.80 - - [12/Apr/2019:12:22:24 +0800] "GET /LogisticsSystem/Client/Home HTTP/1.1" 200 19
192.168.3.80 - - [12/Apr/2019:12:26:00 +0800] "GET /LogisticsSystem/Client/EmployeeLogout HTTP/1.1" 200 12
192.168.3.80 - - [12/Apr/2019:12:26:27 +0800] "GET /LogisticsSystem/EmployeeLogin?method=getcode&id=3111110 HTTP/1.1" 200 12
192.168.3.80 - - [12/Apr/2019:12:26:29 +0800] "GET /LogisticsSystem/EmployeeLogin?method=getcode&id=3110011 HTTP/1.1" 200 12
192.168.3.80 - - [12/Apr/2019:12:26:30 +0800] "GET /LogisticsSystem/EmployeeLogin?method=getcode&id=3111110 HTTP/1.1" 200 12
192.168.3.80 - - [12/Apr/2019:12:26:32 +0800] "GET /LogisticsSystem/EmployeeLogin?method=getcode&id=3111110 HTTP/1.1" 200 12
192.168.3.80 - - [12/Apr/2019:12:26:40 +0800] "GET /LogisticsSystem/EmployeeLogin?method=getcode&id=3111110 HTTP/1.1" 200 12
192.168.3.80 - - [12/Apr/2019:12:26:42 +0800] "GET /LogisticsSystem/EmployeeLogin?method=getcode&id=3111110 HTTP/1.1" 200 12
127.0.0.1 - - [12/Apr/2019:12:26:55 +0800] "GET / HTTP/1.1" 404 1036
192.168.3.80 - - [12/Apr/2019:12:27:22 +0800] "GET /LogisticsSystem/EmployeeLogin?method=getcode&id=3110011 HTTP/1.1" 200 12
192.168.3.80 - - [12/Apr/2019:12:27:24 +0800] "GET /LogisticsSystem/EmployeeLogin?method=getcode&id=3110011 HTTP/1.1" 200 12
192.168.3.80 - - [12/Apr/2019:12:27:31 +0800] "GET /LogisticsSystem/EmployeeLogin?method=getcode&id=3111110 HTTP/1.1" 200 12
192.168.3.80 - - [12/Apr/2019:12:27:37 +0800] "GET /LogisticsSystem/EmployeeLogin?method=getcode&id=3111110 HTTP/1.1" 200 12
192.168.3.80 - - [12/Apr/2019:12:27:39 +0800] "GET /LogisticsSystem/EmployeeLogin?method=getcode&id=3111110 HTTP/1.1" 200 12
192.168.3.80 - - [12/Apr/2019:12:28:03 +0800] "GET /LogisticsSystem/EmployeeLogin?method=getcode&id=3111110 HTTP/1.1" 200 12
192.168.3.80 - - [12/Apr/2019:12:28:15 +0800] "POST /LogisticsSystem/EmployeeLogin HTTP/1.1" 200 12
192.168.3.80 - - [12/Apr/2019:12:28:16 +0800] "GET /LogisticsSystem/Client/Home HTTP/1.1" 200 19
192.168.3.80 - - [12/Apr/2019:12:30:35 +0800] "GET /LogisticsSystem/Client/EmployeeLogout HTTP/1.1" 200 12
192.168.3.80 - - [12/Apr/2019:12:31:02 +0800] "GET /LogisticsSystem/EmployeeLogin?method=getcode&id=3111110 HTTP/1.1" 200 12
192.168.3.80 - - [12/Apr/2019:12:31:05 +0800] "GET /LogisticsSystem/EmployeeLogin?method=getcode&id=3111110 HTTP/1.1" 200 12
192.168.3.80 - - [12/Apr/2019:12:31:07 +0800] "GET /LogisticsSystem/EmployeeLogin?method=getcode&id=3111110 HTTP/1.1" 200 12
192.168.3.80 - - [12/Apr/2019:12:31:21 +0800] "GET /LogisticsSystem/EmployeeLogin?method=getcode&id=3110011 HTTP/1.1" 200 12
192.168.3.80 - - [12/Apr/2019:12:31:23 +0800] "GET /LogisticsSystem/EmployeeLogin?method=getcode&id=3110011 HTTP/1.1" 200 12
192.168.3.80 - - [12/Apr/2019:12:31:50 +0800] "GET /LogisticsSystem/EmployeeLogin?method=getcode&id=3110011 HTTP/1.1" 200 12
192.168.3.80 - - [12/Apr/2019:12:31:53 +0800] "GET /LogisticsSystem/EmployeeLogin?method=getcode&id=3110011 HTTP/1.1" 200 12
192.168.3.64 - - [12/Apr/2019:12:32:27 +0800] "GET /LogisticsSystem/Tracking?id=test00001 HTTP/1.1" 200 3428
192.168.3.80 - - [12/Apr/2019:12:32:35 +0800] "GET /LogisticsSystem/EmployeeLogin?method=getcode&id=3110011 HTTP/1.1" 200 12
192.168.3.80 - - [12/Apr/2019:12:32:44 +0800] "POST /LogisticsSystem/EmployeeLogin HTTP/1.1" 200 12
192.168.3.80 - - [12/Apr/2019:12:32:44 +0800] "GET /LogisticsSystem/Client/Home HTTP/1.1" 200 113
192.168.3.80 - - [12/Apr/2019:12:32:48 +0800] "GET /LogisticsSystem/Client/EmployeeLogout HTTP/1.1" 200 12
192.168.3.80 - - [12/Apr/2019:12:32:55 +0800] "GET /LogisticsSystem/EmployeeLogin?method=getcode&id=3111110 HTTP/1.1" 200 12
192.168.3.80 - - [12/Apr/2019:12:33:03 +0800] "POST /LogisticsSystem/EmployeeLogin HTTP/1.1" 200 12
192.168.3.80 - - [12/Apr/2019:12:33:03 +0800] "GET /LogisticsSystem/Client/Home HTTP/1.1" 200 111
192.168.3.80 - - [12/Apr/2019:12:36:50 +0800] "GET /LogisticsSystem/EmployeeLogin?method=getcode&id=3111110 HTTP/1.1" 200 12
192.168.3.80 - - [12/Apr/2019:12:37:21 +0800] "POST /LogisticsSystem/EmployeeLogin HTTP/1.1" 200 12
192.168.3.80 - - [12/Apr/2019:12:37:21 +0800] "GET /LogisticsSystem/Client/Home HTTP/1.1" 200 111
192.168.3.80 - - [12/Apr/2019:12:38:02 +0800] "GET /LogisticsSystem/Client/LogUpdateServlet?id=test00001&method=2 HTTP/1.1" 200 44
192.168.3.80 - - [12/Apr/2019:12:38:08 +0800] "GET /LogisticsSystem/Client/LogUpdateServlet?id=201904110039440724&method=2 HTTP/1.1" 200 44
192.168.3.80 - - [12/Apr/2019:13:46:29 +0800] "GET /LogisticsSystem/EmployeeLogin?method=getcode&id=3111110 HTTP/1.1" 200 12
192.168.3.80 - - [12/Apr/2019:13:46:31 +0800] "GET /LogisticsSystem/EmployeeLogin?method=getcode&id=3111110 HTTP/1.1" 200 12
192.168.3.80 - - [12/Apr/2019:13:46:44 +0800] "GET /LogisticsSystem/EmployeeLogin?method=getcode&id=3111110 HTTP/1.1" 200 12
192.168.3.80 - - [12/Apr/2019:13:46:45 +0800] "GET /LogisticsSystem/EmployeeLogin?method=getcode&id=00100 HTTP/1.1" 200 12
192.168.3.80 - - [12/Apr/2019:13:46:46 +0800] "GET /LogisticsSystem/EmployeeLogin?method=getcode&id=3111110 HTTP/1.1" 200 12
192.168.3.80 - - [12/Apr/2019:13:47:20 +0800] "GET /LogisticsSystem/EmployeeLogin?method=getcode&id=00100 HTTP/1.1" 200 12
192.168.3.80 - - [12/Apr/2019:13:47:30 +0800] "POST /LogisticsSystem/EmployeeLogin HTTP/1.1" 200 12
192.168.3.80 - - [12/Apr/2019:13:47:30 +0800] "GET /LogisticsSystem/Client/Home HTTP/1.1" 200 112
192.168.3.64 - - [12/Apr/2019:13:48:09 +0800] "GET /LogisticsSystem/ HTTP/1.1" 200 2432
192.168.3.64 - - [12/Apr/2019:13:48:09 +0800] "GET /LogisticsSystem/js/jquery.slides.js HTTP/1.1" 304 -
192.168.3.64 - - [12/Apr/2019:13:48:09 +0800] "GET /LogisticsSystem/js/index.js HTTP/1.1" 304 -
192.168.3.64 - - [12/Apr/2019:13:48:09 +0800] "GET /LogisticsSystem/img/banner01.jpg HTTP/1.1" 304 -
192.168.3.64 - - [12/Apr/2019:13:48:09 +0800] "GET /LogisticsSystem/css/index.css HTTP/1.1" 304 -
192.168.3.64 - - [12/Apr/2019:13:48:09 +0800] "GET /LogisticsSystem/img/banner02.jpg HTTP/1.1" 304 -
192.168.3.64 - - [12/Apr/2019:13:48:09 +0800] "GET /LogisticsSystem/img/banner03.jpg HTTP/1.1" 304 -
192.168.3.64 - - [12/Apr/2019:13:48:09 +0800] "GET /LogisticsSystem/img/banner04.jpg HTTP/1.1" 304 -
192.168.3.64 - - [12/Apr/2019:13:48:09 +0800] "GET /LogisticsSystem/img/pagination.png HTTP/1.1" 304 -
192.168.3.64 - - [12/Apr/2019:13:48:13 +0800] "GET /LogisticsSystem/management HTTP/1.1" 302 -
192.168.3.64 - - [12/Apr/2019:13:48:14 +0800] "GET /LogisticsSystem/management/login.html HTTP/1.1" 304 -
192.168.3.64 - - [12/Apr/2019:13:48:14 +0800] "GET /LogisticsSystem/management/css/login.css HTTP/1.1" 304 -
192.168.3.64 - - [12/Apr/2019:13:48:14 +0800] "GET /LogisticsSystem/js/md5.js HTTP/1.1" 304 -
192.168.3.64 - - [12/Apr/2019:13:48:14 +0800] "GET /LogisticsSystem/management/js/login.js HTTP/1.1" 304 -
192.168.3.64 - - [12/Apr/2019:13:48:24 +0800] "GET /LogisticsSystem/management/AdminLogin?id=admin HTTP/1.1" 200 7
192.168.3.64 - - [12/Apr/2019:13:48:39 +0800] "POST /LogisticsSystem/management/AdminLogin HTTP/1.1" 200 13
192.168.3.64 - - [12/Apr/2019:13:48:39 +0800] "GET /LogisticsSystem/management/ HTTP/1.1" 200 967
192.168.3.64 - - [12/Apr/2019:13:48:39 +0800] "GET /LogisticsSystem/management/js/index.js HTTP/1.1" 304 -
192.168.3.64 - - [12/Apr/2019:13:48:39 +0800] "GET /LogisticsSystem/management/img/icon-1.png HTTP/1.1" 304 -
192.168.3.64 - - [12/Apr/2019:13:48:39 +0800] "GET /LogisticsSystem/management/img/icon-2.png HTTP/1.1" 304 -
192.168.3.64 - - [12/Apr/2019:13:48:39 +0800] "GET /LogisticsSystem/management/img/icon-3.png HTTP/1.1" 304 -
192.168.3.64 - - [12/Apr/2019:13:48:39 +0800] "GET /LogisticsSystem/img/loading.gif HTTP/1.1" 304 -
192.168.3.64 - - [12/Apr/2019:13:48:39 +0800] "GET /LogisticsSystem/management/css/page.css HTTP/1.1" 304 -
192.168.3.64 - - [12/Apr/2019:13:48:41 +0800] "GET /LogisticsSystem/management/Employee HTTP/1.1" 200 1703
192.168.3.64 - - [12/Apr/2019:13:48:50 +0800] "GET /LogisticsSystem/management/employee-info.jsp?id=3111110 HTTP/1.1" 200 265
192.168.3.80 - - [12/Apr/2019:13:51:56 +0800] "GET /LogisticsSystem/Client/LogUpdateServlet?id=test00001&des=445203&method=2 HTTP/1.1" 200 44
192.168.3.80 - - [12/Apr/2019:13:52:08 +0800] "GET /LogisticsSystem/Client/LogUpdateServlet?id=test00001&des=445203&method=2 HTTP/1.1" 200 44
192.168.3.80 - - [12/Apr/2019:13:52:12 +0800] "GET /LogisticsSystem/Client/LogUpdateServlet?id=201904110039440724&des=350602&method=2 HTTP/1.1" 200 44
192.168.3.80 - - [12/Apr/2019:13:52:16 +0800] "GET /LogisticsSystem/Client/LogUpdateServlet?id=201904110031495808&des=130202&method=2 HTTP/1.1" 200 44
192.168.3.80 - - [12/Apr/2019:13:52:25 +0800] "GET /LogisticsSystem/Client/LogUpdateServlet?id=test00001&des=445203&method=2 HTTP/1.1" 200 44
192.168.3.80 - - [12/Apr/2019:13:52:30 +0800] "GET /LogisticsSystem/Client/LogUpdateServlet?id=test00001&method=2 HTTP/1.1" 200 44
192.168.3.80 - - [12/Apr/2019:13:52:35 +0800] "GET /LogisticsSystem/Client/LogUpdateServlet?id=test00001&method=2 HTTP/1.1" 200 44
192.168.3.80 - - [12/Apr/2019:13:52:48 +0800] "GET /LogisticsSystem/Client/LogUpdateServlet?id=test00001&method=2 HTTP/1.1" 200 44
192.168.3.64 - - [12/Apr/2019:13:53:26 +0800] "GET /LogisticsSystem/management/ HTTP/1.1" 200 967
192.168.3.64 - - [12/Apr/2019:13:53:26 +0800] "GET /LogisticsSystem/management/Employee HTTP/1.1" 200 1703
192.168.3.80 - - [12/Apr/2019:14:09:28 +0800] "GET /LogisticsSystem/Client/LogUpdateServlet?id=test00001&method=2 HTTP/1.1" 200 29
192.168.3.80 - - [12/Apr/2019:14:09:33 +0800] "GET /LogisticsSystem/Client/LogUpdateServlet?id=test00001&method=2 HTTP/1.1" 200 29
192.168.3.80 - - [12/Apr/2019:14:09:42 +0800] "GET /LogisticsSystem/Client/LogUpdateServlet?id=test00001&method=2 HTTP/1.1" 200 29
192.168.3.80 - - [12/Apr/2019:14:09:49 +0800] "GET /LogisticsSystem/Client/LogUpdateServlet?id=test00001&method=2 HTTP/1.1" 200 29
192.168.3.64 - - [12/Apr/2019:14:09:56 +0800] "GET /LogisticsSystem/Tracking?id=test00001 HTTP/1.1" 200 3428
192.168.3.64 - - [12/Apr/2019:14:09:57 +0800] "GET /LogisticsSystem/Tracking?id=test00001 HTTP/1.1" 200 3428
192.168.3.64 - - [12/Apr/2019:14:09:57 +0800] "GET /LogisticsSystem/Tracking?id=test00001 HTTP/1.1" 200 3428
192.168.3.80 - - [12/Apr/2019:14:12:32 +0800] "GET /LogisticsSystem/Client/LogUpdateServlet?id=test00001&method=2 HTTP/1.1" 200 28
192.168.3.80 - - [12/Apr/2019:14:12:33 +0800] "POST /LogisticsSystem/Client/LogUpdateServlet HTTP/1.1" 200 4
192.168.3.64 - - [12/Apr/2019:14:12:41 +0800] "GET /LogisticsSystem/Tracking?id=test00001 HTTP/1.1" 200 3574
192.168.3.80 - - [12/Apr/2019:14:12:51 +0800] "GET /LogisticsSystem/Client/LogUpdateServlet?id=test00001&method=2 HTTP/1.1" 200 28
192.168.3.80 - - [12/Apr/2019:14:12:51 +0800] "POST /LogisticsSystem/Client/LogUpdateServlet HTTP/1.1" 200 4
192.168.3.64 - - [12/Apr/2019:14:12:55 +0800] "GET /LogisticsSystem/Tracking?id=test00001 HTTP/1.1" 200 3720
192.168.3.80 - - [12/Apr/2019:14:13:15 +0800] "GET /LogisticsSystem/Client/LogUpdateServlet?id=test00001&method=2 HTTP/1.1" 200 28
192.168.3.80 - - [12/Apr/2019:14:13:15 +0800] "POST /LogisticsSystem/Client/LogUpdateServlet HTTP/1.1" 200 4
192.168.3.64 - - [12/Apr/2019:14:13:18 +0800] "GET /LogisticsSystem/Tracking?id=test00001 HTTP/1.1" 200 3878
192.168.3.80 - - [12/Apr/2019:14:13:23 +0800] "GET /LogisticsSystem/Client/LogUpdateServlet?id=201904110039440724&method=2 HTTP/1.1" 200 44
192.168.3.80 - - [12/Apr/2019:14:13:28 +0800] "GET /LogisticsSystem/Client/LogUpdateServlet?id=test00001&des=445203&method=2 HTTP/1.1" 200 28
192.168.3.80 - - [12/Apr/2019:14:13:47 +0800] "POST /LogisticsSystem/Client/LogUpdateServlet HTTP/1.1" 200 4
192.168.3.64 - - [12/Apr/2019:14:13:50 +0800] "GET /LogisticsSystem/Tracking?id=test00001 HTTP/1.1" 200 4027
192.168.3.80 - - [12/Apr/2019:14:16:38 +0800] "GET /LogisticsSystem/Client/LogUpdateServlet?id=test00001&des=445203&method=2 HTTP/1.1" 200 28
192.168.3.64 - - [12/Apr/2019:14:16:43 +0800] "GET /LogisticsSystem/Tracking?id=test00001 HTTP/1.1" 200 4027
192.168.3.64 - - [12/Apr/2019:14:16:44 +0800] "GET /LogisticsSystem/Tracking?id=test00001 HTTP/1.1" 200 4027
192.168.3.80 - - [12/Apr/2019:14:16:57 +0800] "POST /LogisticsSystem/Client/LogUpdateServlet HTTP/1.1" 200 4
192.168.3.80 - - [12/Apr/2019:14:17:01 +0800] "GET /LogisticsSystem/Client/LogUpdateServlet?id=test00001&des=445203&method=2 HTTP/1.1" 200 28
192.168.3.80 - - [12/Apr/2019:14:17:02 +0800] "POST /LogisticsSystem/Client/LogUpdateServlet HTTP/1.1" 200 4
192.168.3.64 - - [12/Apr/2019:14:17:04 +0800] "GET /LogisticsSystem/Tracking?id=test00001 HTTP/1.1" 200 4325
192.168.3.80 - - [12/Apr/2019:14:18:06 +0800] "GET /LogisticsSystem/Client/LogUpdateServlet?id=201904110031495808&des=130202&method=2 HTTP/1.1" 200 44
192.168.3.80 - - [12/Apr/2019:14:20:44 +0800] "GET /LogisticsSystem/EmployeeLogin?method=getcode&id=3111110 HTTP/1.1" 200 12
192.168.3.80 - - [12/Apr/2019:14:20:47 +0800] "GET /LogisticsSystem/EmployeeLogin?method=getcode&id=3111110 HTTP/1.1" 200 12
127.0.0.1 - - [12/Apr/2019:14:20:58 +0800] "GET / HTTP/1.1" 404 1036
127.0.0.1 - - [12/Apr/2019:14:21:48 +0800] "GET / HTTP/1.1" 404 1036
192.168.3.80 - - [12/Apr/2019:14:22:30 +0800] "GET /LogisticsSystem/EmployeeLogin?method=getcode&id=3110011 HTTP/1.1" 200 12
192.168.3.80 - - [12/Apr/2019:14:22:32 +0800] "GET /LogisticsSystem/EmployeeLogin?method=getcode&id=3110011 HTTP/1.1" 200 12
192.168.3.80 - - [12/Apr/2019:14:22:37 +0800] "GET /LogisticsSystem/EmployeeLogin?method=getcode&id=3111110 HTTP/1.1" 200 12
192.168.3.80 - - [12/Apr/2019:14:22:47 +0800] "GET /LogisticsSystem/EmployeeLogin?method=getcode&id=3111110 HTTP/1.1" 200 12
192.168.3.80 - - [12/Apr/2019:14:22:49 +0800] "POST /LogisticsSystem/EmployeeLogin HTTP/1.1" 200 12
192.168.3.80 - - [12/Apr/2019:14:22:49 +0800] "GET /LogisticsSystem/EmployeeLogin?method=getcode&id=3111110 HTTP/1.1" 200 12
192.168.3.80 - - [12/Apr/2019:14:22:49 +0800] "GET /LogisticsSystem/Client/Home HTTP/1.1" 200 111
192.168.3.80 - - [12/Apr/2019:14:22:55 +0800] "GET /LogisticsSystem/Client/LogUpdateServlet?id=test00001&des=445203&method=1 HTTP/1.1" 200 44
192.168.3.80 - - [12/Apr/2019:14:23:01 +0800] "GET /LogisticsSystem/Client/LogUpdateServlet?id=test00001&method=2 HTTP/1.1" 200 28
192.168.3.80 - - [12/Apr/2019:14:23:01 +0800] "POST /LogisticsSystem/Client/LogUpdateServlet HTTP/1.1" 200 4
192.168.3.80 - - [12/Apr/2019:14:23:07 +0800] "GET /LogisticsSystem/Client/LogUpdateServlet?id=test00001&des=445203&method=1 HTTP/1.1" 200 44
192.168.3.80 - - [12/Apr/2019:14:23:10 +0800] "GET /LogisticsSystem/Client/LogUpdateServlet?id=201904110039440724&des=350602&method=1 HTTP/1.1" 200 57
192.168.3.80 - - [12/Apr/2019:14:23:16 +0800] "GET /LogisticsSystem/Client/LogUpdateServlet?id=201904110039440724&method=2 HTTP/1.1" 200 44
192.168.3.64 - - [12/Apr/2019:14:23:51 +0800] "GET /LogisticsSystem/Tracking?id=test00001 HTTP/1.1" 200 4473
192.168.3.80 - - [12/Apr/2019:14:24:04 +0800] "GET /LogisticsSystem/Client/LogUpdateServlet?id=test00001&method=2 HTTP/1.1" 200 28
192.168.3.80 - - [12/Apr/2019:14:24:04 +0800] "POST /LogisticsSystem/Client/LogUpdateServlet HTTP/1.1" 200 4
192.168.3.64 - - [12/Apr/2019:14:24:06 +0800] "GET /LogisticsSystem/Tracking?id=test00001 HTTP/1.1" 200 4621
192.168.3.80 - - [12/Apr/2019:14:24:20 +0800] "GET /LogisticsSystem/Client/LogUpdateServlet?id=test00001&method=2 HTTP/1.1" 200 28
192.168.3.80 - - [12/Apr/2019:14:24:21 +0800] "POST /LogisticsSystem/Client/LogUpdateServlet HTTP/1.1" 200 4
192.168.3.64 - - [12/Apr/2019:14:24:23 +0800] "GET /LogisticsSystem/Tracking?id=test00001 HTTP/1.1" 200 4765
192.168.3.80 - - [12/Apr/2019:14:26:19 +0800] "GET /LogisticsSystem/Client/LogUpdateServlet?id=test00001&method=2 HTTP/1.1" 200 28
192.168.3.80 - - [12/Apr/2019:14:26:19 +0800] "POST /LogisticsSystem/Client/LogUpdateServlet HTTP/1.1" 200 4
192.168.3.64 - - [12/Apr/2019:14:26:29 +0800] "GET /LogisticsSystem/Tracking?id=test00001 HTTP/1.1" 200 4914
192.168.3.80 - - [12/Apr/2019:14:27:30 +0800] "GET /LogisticsSystem/Client/LogUpdateServlet?id=201904110039440724&des=350602&method=1 HTTP/1.1" 200 57
192.168.3.80 - - [12/Apr/2019:14:27:34 +0800] "POST /LogisticsSystem/Client/LogUpdateServlet HTTP/1.1" 200 4
192.168.3.64 - - [12/Apr/2019:14:27:58 +0800] "GET /LogisticsSystem/tracking-input.jsp HTTP/1.1" 200 1108
192.168.3.64 - - [12/Apr/2019:14:28:02 +0800] "GET /LogisticsSystem/Tracking?id=+201904110039440724 HTTP/1.1" 200 1547
192.168.3.64 - - [12/Apr/2019:14:28:07 +0800] "GET /LogisticsSystem/Tracking?id=201904110039440724 HTTP/1.1" 200 1733
192.168.3.80 - - [12/Apr/2019:14:28:38 +0800] "GET /LogisticsSystem/Client/LogUpdateServlet?id=201904110039440724&des=350602&method=1 HTTP/1.1" 200 44
192.168.3.80 - - [12/Apr/2019:14:29:37 +0800] "GET /LogisticsSystem/Client/LogUpdateServlet?id=test00001&method=2 HTTP/1.1" 200 28
192.168.3.80 - - [12/Apr/2019:14:29:37 +0800] "POST /LogisticsSystem/Client/LogUpdateServlet HTTP/1.1" 200 4
192.168.3.80 - - [12/Apr/2019:14:29:39 +0800] "GET /LogisticsSystem/Client/LogUpdateServlet?id=test00001&method=2 HTTP/1.1" 200 28
192.168.3.80 - - [12/Apr/2019:14:29:39 +0800] "POST /LogisticsSystem/Client/LogUpdateServlet HTTP/1.1" 200 4
192.168.3.80 - - [12/Apr/2019:14:29:41 +0800] "GET /LogisticsSystem/Client/LogUpdateServlet?id=test00001&method=2 HTTP/1.1" 200 28
192.168.3.80 - - [12/Apr/2019:14:29:41 +0800] "POST /LogisticsSystem/Client/LogUpdateServlet HTTP/1.1" 200 4
192.168.3.64 - - [12/Apr/2019:14:29:49 +0800] "GET /LogisticsSystem/Tracking?id=201904110039440724 HTTP/1.1" 200 1733
192.168.3.64 - - [12/Apr/2019:14:29:50 +0800] "GET /LogisticsSystem/Tracking?id=201904110039440724 HTTP/1.1" 200 1733
192.168.3.64 - - [12/Apr/2019:14:29:51 +0800] "GET /LogisticsSystem/Tracking?id=201904110039440724 HTTP/1.1" 200 1733
192.168.3.64 - - [12/Apr/2019:14:29:52 +0800] "GET /LogisticsSystem/Tracking?id=201904110039440724 HTTP/1.1" 200 1733
192.168.3.80 - - [12/Apr/2019:14:29:57 +0800] "GET /LogisticsSystem/Client/LogUpdateServlet?id=201904110039440724&method=2 HTTP/1.1" 200 28
192.168.3.80 - - [12/Apr/2019:14:29:57 +0800] "POST /LogisticsSystem/Client/LogUpdateServlet HTTP/1.1" 200 4
192.168.3.64 - - [12/Apr/2019:14:30:01 +0800] "GET /LogisticsSystem/Tracking?id=201904110039440724 HTTP/1.1" 200 1913
192.168.3.64 - - [12/Apr/2019:14:30:09 +0800] "GET /LogisticsSystem/Tracking?id=test000001 HTTP/1.1" 200 1547
192.168.3.64 - - [12/Apr/2019:14:30:13 +0800] "GET /LogisticsSystem/Tracking?id=test00001 HTTP/1.1" 200 5454
192.168.3.80 - - [12/Apr/2019:14:31:52 +0800] "GET /LogisticsSystem/Client/LogUpdateServlet?id=test00001&method=2 HTTP/1.1" 200 28
192.168.3.80 - - [12/Apr/2019:14:31:52 +0800] "POST /LogisticsSystem/Client/LogUpdateServlet HTTP/1.1" 200 4
192.168.3.80 - - [12/Apr/2019:14:32:11 +0800] "GET /LogisticsSystem/Client/LogUpdateServlet?id=test00001&method=2 HTTP/1.1" 200 28
192.168.3.80 - - [12/Apr/2019:14:32:12 +0800] "POST /LogisticsSystem/Client/LogUpdateServlet HTTP/1.1" 200 4
192.168.3.80 - - [12/Apr/2019:14:32:14 +0800] "GET /LogisticsSystem/Client/LogUpdateServlet?id=test00001&method=2 HTTP/1.1" 200 28
192.168.3.80 - - [12/Apr/2019:14:32:14 +0800] "POST /LogisticsSystem/Client/LogUpdateServlet HTTP/1.1" 200 4
192.168.3.80 - - [12/Apr/2019:14:32:18 +0800] "GET /LogisticsSystem/Client/LogUpdateServlet?id=test00001&method=2 HTTP/1.1" 200 28
192.168.3.80 - - [12/Apr/2019:14:32:18 +0800] "POST /LogisticsSystem/Client/LogUpdateServlet HTTP/1.1" 200 4
192.168.3.69 - - [12/Apr/2019:14:35:42 +0800] "GET /LogisticsSystem/EmployeeLogin?method=getcode&id=00100 HTTP/1.1" 200 12
192.168.3.69 - - [12/Apr/2019:14:35:45 +0800] "GET /LogisticsSystem/EmployeeLogin?method=getcode&id=00100 HTTP/1.1" 200 12
192.168.3.69 - - [12/Apr/2019:14:35:51 +0800] "GET /LogisticsSystem/EmployeeLogin?method=getcode&id=00100 HTTP/1.1" 200 12
192.168.3.69 - - [12/Apr/2019:14:35:54 +0800] "GET /LogisticsSystem/EmployeeLogin?method=getcode&id=00100 HTTP/1.1" 200 12
192.168.3.69 - - [12/Apr/2019:14:35:54 +0800] "GET /LogisticsSystem/EmployeeLogin?method=getcode&id=00100 HTTP/1.1" 200 12
192.168.3.69 - - [12/Apr/2019:14:36:10 +0800] "POST /LogisticsSystem/EmployeeLogin HTTP/1.1" 200 12
192.168.3.69 - - [12/Apr/2019:14:36:25 +0800] "GET /LogisticsSystem/EmployeeLogin?method=getcode&id=00100 HTTP/1.1" 200 12
192.168.3.69 - - [12/Apr/2019:14:36:35 +0800] "POST /LogisticsSystem/EmployeeLogin HTTP/1.1" 200 12
192.168.3.69 - - [12/Apr/2019:14:36:36 +0800] "GET /LogisticsSystem/Client/Home HTTP/1.1" 200 114
192.168.3.69 - - [12/Apr/2019:14:37:09 +0800] "GET /LogisticsSystem/Client/LogUpdateServlet?id=test00001&method=2 HTTP/1.1" 200 28
192.168.3.69 - - [12/Apr/2019:14:37:10 +0800] "POST /LogisticsSystem/Client/LogUpdateServlet HTTP/1.1" 200 4
192.168.3.69 - - [12/Apr/2019:14:37:47 +0800] "GET /LogisticsSystem/Client/LogUpdateServlet?id=test00001&method=2 HTTP/1.1" 200 28
192.168.3.69 - - [12/Apr/2019:14:37:48 +0800] "POST /LogisticsSystem/Client/LogUpdateServlet HTTP/1.1" 200 4
192.168.3.69 - - [12/Apr/2019:14:39:11 +0800] "GET /LogisticsSystem/Client/LogUpdateServlet?id=201904110039440724&method=2 HTTP/1.1" 200 28
192.168.3.69 - - [12/Apr/2019:14:39:12 +0800] "POST /LogisticsSystem/Client/LogUpdateServlet HTTP/1.1" 200 4
192.168.3.64 - - [12/Apr/2019:14:39:20 +0800] "GET /LogisticsSystem/Tracking?id=test00001 HTTP/1.1" 200 6485
192.168.3.69 - - [12/Apr/2019:14:39:27 +0800] "GET /LogisticsSystem/Client/LogUpdateServlet?id=test00001&method=2 HTTP/1.1" 200 28
192.168.3.69 - - [12/Apr/2019:14:39:28 +0800] "POST /LogisticsSystem/Client/LogUpdateServlet HTTP/1.1" 200 4
192.168.3.64 - - [12/Apr/2019:14:39:29 +0800] "GET /LogisticsSystem/Tracking?id=test00001 HTTP/1.1" 200 6663
192.168.3.69 - - [12/Apr/2019:14:39:55 +0800] "GET /LogisticsSystem/Client/EmployeeLogout HTTP/1.1" 200 12
192.168.3.67 - - [12/Apr/2019:14:44:04 +0800] "GET /LogisticsSystem/EmployeeLogin?method=getcode&id=00100 HTTP/1.1" 200 12
192.168.3.67 - - [12/Apr/2019:14:44:16 +0800] "POST /LogisticsSystem/EmployeeLogin HTTP/1.1" 200 12
192.168.3.67 - - [12/Apr/2019:14:44:16 +0800] "GET /LogisticsSystem/Client/Home HTTP/1.1" 200 114
192.168.3.67 - - [12/Apr/2019:14:44:42 +0800] "GET /LogisticsSystem/Client/LogUpdateServlet?id=test00001&method=2 HTTP/1.1" 200 28
192.168.3.67 - - [12/Apr/2019:14:44:43 +0800] "POST /LogisticsSystem/Client/LogUpdateServlet HTTP/1.1" 200 4
192.168.3.64 - - [12/Apr/2019:14:44:47 +0800] "GET /LogisticsSystem/Tracking?id=test00001 HTTP/1.1" 200 6818
192.168.3.67 - - [12/Apr/2019:14:44:58 +0800] "GET /LogisticsSystem/Client/LogUpdateServlet?id=201904110039440724&method=2 HTTP/1.1" 200 28
192.168.3.67 - - [12/Apr/2019:14:44:58 +0800] "POST /LogisticsSystem/Client/LogUpdateServlet HTTP/1.1" 200 4
192.168.3.64 - - [12/Apr/2019:14:45:15 +0800] "GET /LogisticsSystem/Tracking?id=201904110031495808 HTTP/1.1" 200 1550
192.168.3.67 - - [12/Apr/2019:14:45:22 +0800] "GET /LogisticsSystem/Client/LogUpdateServlet?id=201904110031495808&method=2 HTTP/1.1" 200 44
192.168.3.67 - - [12/Apr/2019:14:45:29 +0800] "GET /LogisticsSystem/Client/LogUpdateServlet?id=test00001&method=2 HTTP/1.1" 200 28
192.168.3.67 - - [12/Apr/2019:14:45:30 +0800] "POST /LogisticsSystem/Client/LogUpdateServlet HTTP/1.1" 200 4
192.168.3.67 - - [12/Apr/2019:14:45:43 +0800] "GET /LogisticsSystem/Client/LogUpdateServlet?id=test00001&method=2 HTTP/1.1" 200 28
192.168.3.67 - - [12/Apr/2019:14:45:43 +0800] "POST /LogisticsSystem/Client/LogUpdateServlet HTTP/1.1" 200 4
192.168.3.67 - - [12/Apr/2019:14:45:52 +0800] "GET /LogisticsSystem/Client/LogUpdateServlet?id=test00001&method=2 HTTP/1.1" 200 28
192.168.3.67 - - [12/Apr/2019:14:45:53 +0800] "POST /LogisticsSystem/Client/LogUpdateServlet HTTP/1.1" 200 4
192.168.3.67 - - [12/Apr/2019:14:46:02 +0800] "GET /LogisticsSystem/Client/LogUpdateServlet?id=test00001&method=2 HTTP/1.1" 200 28
192.168.3.67 - - [12/Apr/2019:14:46:03 +0800] "POST /LogisticsSystem/Client/LogUpdateServlet HTTP/1.1" 200 4
192.168.3.67 - - [12/Apr/2019:14:46:30 +0800] "GET /LogisticsSystem/EmployeeLogin?method=getcode&id=3111110 HTTP/1.1" 200 12
192.168.3.67 - - [12/Apr/2019:14:46:43 +0800] "POST /LogisticsSystem/EmployeeLogin HTTP/1.1" 200 12
192.168.3.67 - - [12/Apr/2019:14:46:44 +0800] "GET /LogisticsSystem/Client/Home HTTP/1.1" 200 111
192.168.3.67 - - [12/Apr/2019:14:46:53 +0800] "GET /LogisticsSystem/Client/LogUpdateServlet?id=test00001&des=445203&method=1 HTTP/1.1" 200 44
192.168.3.67 - - [12/Apr/2019:14:47:07 +0800] "GET /LogisticsSystem/Client/LogUpdateServlet?id=test00001&des=445203&method=1 HTTP/1.1" 200 44
192.168.3.67 - - [12/Apr/2019:14:47:16 +0800] "GET /LogisticsSystem/Client/LogUpdateServlet?id=test00001&des=445203&method=1 HTTP/1.1" 200 44
192.168.3.67 - - [12/Apr/2019:14:47:24 +0800] "GET /LogisticsSystem/Client/LogUpdateServlet?id=test00001&des=445203&method=1 HTTP/1.1" 200 44
192.168.3.67 - - [12/Apr/2019:14:48:09 +0800] "GET /LogisticsSystem/EmployeeLogin?method=getcode&id=3111110 HTTP/1.1" 200 12
192.168.3.67 - - [12/Apr/2019:14:48:22 +0800] "POST /LogisticsSystem/EmployeeLogin HTTP/1.1" 200 12
192.168.3.67 - - [12/Apr/2019:14:48:22 +0800] "GET /LogisticsSystem/Client/Home HTTP/1.1" 200 111
192.168.3.67 - - [12/Apr/2019:14:48:33 +0800] "GET /LogisticsSystem/Client/LogUpdateServlet?id=201904110031495808&des=130202&method=1 HTTP/1.1" 200 57
192.168.3.67 - - [12/Apr/2019:14:48:33 +0800] "GET /LogisticsSystem/Client/LogUpdateServlet?id=201904110031495808&des=130202&method=1 HTTP/1.1" 200 57
192.168.3.67 - - [12/Apr/2019:14:48:42 +0800] "GET /LogisticsSystem/Client/LogUpdateServlet?id=test00001&des=445203&method=1 HTTP/1.1" 200 44
192.168.3.64 - - [12/Apr/2019:15:01:54 +0800] "GET /LogisticsSystem/Tracking?id=test00001 HTTP/1.1" 200 7438
192.168.3.67 - - [12/Apr/2019:15:04:54 +0800] "GET /LogisticsSystem/Client/LogUpdateServlet?id=test00001&method=2 HTTP/1.1" 200 28
192.168.3.67 - - [12/Apr/2019:15:04:55 +0800] "POST /LogisticsSystem/Client/LogUpdateServlet HTTP/1.1" 200 4
192.168.3.64 - - [12/Apr/2019:15:05:00 +0800] "GET /LogisticsSystem/Tracking?id=test00001 HTTP/1.1" 200 7624
192.168.3.64 - - [12/Apr/2019:15:25:22 +0800] "GET /LogisticsSystem/management/ HTTP/1.1" 302 -
192.168.3.64 - - [12/Apr/2019:15:25:22 +0800] "GET /LogisticsSystem/management/login.html HTTP/1.1" 304 -
127.0.0.1 - - [12/Apr/2019:20:49:42 +0800] "GET / HTTP/1.1" 404 1036
192.168.3.64 - - [12/Apr/2019:20:56:04 +0800] "GET /LogisticsSystem/management/login.html HTTP/1.1" 304 -
192.168.3.64 - - [12/Apr/2019:20:56:04 +0800] "GET /LogisticsSystem/js/md5.js HTTP/1.1" 304 -
192.168.3.64 - - [12/Apr/2019:20:56:04 +0800] "GET /LogisticsSystem/management/css/login.css HTTP/1.1" 304 -
192.168.3.64 - - [12/Apr/2019:20:56:04 +0800] "GET /LogisticsSystem/management/js/login.js HTTP/1.1" 304 -
192.168.3.64 - - [12/Apr/2019:20:56:04 +0800] "GET /favicon.ico HTTP/1.1" 404 1047
192.168.3.64 - - [12/Apr/2019:20:56:06 +0800] "GET /LogisticsSystem/Tracking?id=test00001 HTTP/1.1" 404 254
192.168.3.64 - - [12/Apr/2019:20:56:08 +0800] "GET /LogisticsSystem/Tracking?id=test00001 HTTP/1.1" 404 254
192.168.3.64 - - [12/Apr/2019:20:56:09 +0800] "GET /LogisticsSystem/Tracking?id=test00001 HTTP/1.1" 404 254
192.168.3.64 - - [12/Apr/2019:20:56:09 +0800] "GET /LogisticsSystem/Tracking?id=test00001 HTTP/1.1" 404 254
192.168.3.64 - - [12/Apr/2019:20:56:10 +0800] "GET /LogisticsSystem/Tracking?id=test00001 HTTP/1.1" 404 254
192.168.3.64 - - [12/Apr/2019:20:56:12 +0800] "GET /LogisticsSystem/management/login.html HTTP/1.1" 304 -
192.168.3.64 - - [12/Apr/2019:20:56:12 +0800] "GET /LogisticsSystem/management/login.html HTTP/1.1" 304 -
192.168.3.64 - - [12/Apr/2019:20:56:15 +0800] "GET /LogisticsSystem/Tracking?id=test00001 HTTP/1.1" 404 254
192.168.3.64 - - [12/Apr/2019:20:56:16 +0800] "GET /LogisticsSystem/Tracking?id=test00001 HTTP/1.1" 404 254
192.168.3.64 - - [12/Apr/2019:20:56:17 +0800] "GET /LogisticsSystem/Tracking?id=test00001 HTTP/1.1" 404 254
192.168.3.64 - - [12/Apr/2019:20:56:17 +0800] "GET /LogisticsSystem/Tracking?id=test00001 HTTP/1.1" 404 254
192.168.3.64 - - [12/Apr/2019:20:56:22 +0800] "GET /LogisticsSystem/ HTTP/1.1" 200 2432
192.168.3.64 - - [12/Apr/2019:20:56:22 +0800] "GET /LogisticsSystem/js/index.js HTTP/1.1" 304 -
192.168.3.64 - - [12/Apr/2019:20:56:22 +0800] "GET /LogisticsSystem/css/index.css HTTP/1.1" 304 -
192.168.3.64 - - [12/Apr/2019:20:56:25 +0800] "GET /LogisticsSystem/tracking-input.jsp HTTP/1.1" 200 1108
192.168.3.64 - - [12/Apr/2019:20:56:29 +0800] "GET /LogisticsSystem/Tracking?id=test00001 HTTP/1.1" 404 254
192.168.3.64 - - [12/Apr/2019:20:56:34 +0800] "GET /LogisticsSystem/Tracking?id=test00001 HTTP/1.1" 404 254
192.168.3.64 - - [12/Apr/2019:20:56:43 +0800] "GET /LogisticsSystem/Tracking?id=test00001 HTTP/1.1" 404 254
192.168.3.64 - - [12/Apr/2019:20:57:40 +0800] "GET /LogisticsSystem/Tracking?id=test00001 HTTP/1.1" 404 254
192.168.3.64 - - [12/Apr/2019:20:57:41 +0800] "GET /LogisticsSystem/Tracking?id=test00001 HTTP/1.1" 404 254
192.168.3.64 - - [12/Apr/2019:20:57:42 +0800] "GET /LogisticsSystem/Tracking?id=test00001 HTTP/1.1" 404 254
127.0.0.1 - - [12/Apr/2019:20:57:55 +0800] "GET / HTTP/1.1" 404 1036
192.168.3.64 - - [12/Apr/2019:20:58:02 +0800] "GET /LogisticsSystem/Tracking?id=test00001 HTTP/1.1" 200 1547
192.168.3.64 - - [12/Apr/2019:20:58:11 +0800] "GET /LogisticsSystem/Tracking?id=test00001 HTTP/1.1" 200 1547
192.168.3.64 - - [12/Apr/2019:20:58:16 +0800] "GET /LogisticsSystem/Tracking?id=test00001 HTTP/1.1" 200 1547
192.168.3.64 - - [12/Apr/2019:20:58:19 +0800] "GET /LogisticsSystem/Tracking?id=test000001 HTTP/1.1" 200 1547
192.168.3.64 - - [12/Apr/2019:20:58:39 +0800] "GET /LogisticsSystem/Tracking?id=test000001 HTTP/1.1" 200 1547
192.168.3.64 - - [12/Apr/2019:20:58:40 +0800] "GET /LogisticsSystem/Tracking?id=test000001 HTTP/1.1" 200 1547
192.168.3.64 - - [12/Apr/2019:20:58:41 +0800] "GET /LogisticsSystem/Tracking?id=test000001 HTTP/1.1" 200 1547
192.168.3.64 - - [12/Apr/2019:20:58:42 +0800] "GET /LogisticsSystem/Tracking?id=test000001 HTTP/1.1" 200 1547
192.168.3.64 - - [12/Apr/2019:20:58:43 +0800] "GET /LogisticsSystem/Tracking?id=test000001 HTTP/1.1" 200 1547
192.168.3.64 - - [12/Apr/2019:20:58:44 +0800] "GET /LogisticsSystem/Tracking?id=test000001 HTTP/1.1" 200 1547
192.168.3.64 - - [12/Apr/2019:20:58:45 +0800] "GET /LogisticsSystem/Tracking?id=test000001 HTTP/1.1" 200 1547
192.168.3.64 - - [12/Apr/2019:20:58:47 +0800] "GET /LogisticsSystem/order.jsp HTTP/1.1" 200 14036
192.168.3.64 - - [12/Apr/2019:20:58:47 +0800] "GET /LogisticsSystem/css/order.css HTTP/1.1" 304 -
192.168.3.64 - - [12/Apr/2019:20:58:47 +0800] "GET /LogisticsSystem/js/order.js HTTP/1.1" 304 -
192.168.3.64 - - [12/Apr/2019:20:58:47 +0800] "GET /LogisticsSystem/img/warning.png HTTP/1.1" 304 -
192.168.3.64 - - [12/Apr/2019:20:58:50 +0800] "GET /LogisticsSystem/waybill-print-input.jsp HTTP/1.1" 200 1112
192.168.3.64 - - [12/Apr/2019:20:58:54 +0800] "GET /LogisticsSystem/WaybillPrint?id=test00001 HTTP/1.1" 200 33
192.168.3.64 - - [12/Apr/2019:20:59:34 +0800] "GET /LogisticsSystem/management/AdminLogin?id=admin HTTP/1.1" 200 7
192.168.3.64 - - [12/Apr/2019:20:59:46 +0800] "POST /LogisticsSystem/management/AdminLogin HTTP/1.1" 200 13
192.168.3.64 - - [12/Apr/2019:20:59:46 +0800] "GET /LogisticsSystem/management/ HTTP/1.1" 200 967
192.168.3.64 - - [12/Apr/2019:20:59:47 +0800] "GET /LogisticsSystem/management/js/index.js HTTP/1.1" 304 -
192.168.3.64 - - [12/Apr/2019:20:59:47 +0800] "GET /LogisticsSystem/management/css/page.css HTTP/1.1" 304 -
192.168.3.64 - - [12/Apr/2019:20:59:47 +0800] "GET /LogisticsSystem/management/Employee HTTP/1.1" 200 1703
192.168.3.64 - - [12/Apr/2019:20:59:50 +0800] "GET /LogisticsSystem/management/employee-info.jsp?id=3110011 HTTP/1.1" 200 265
192.168.3.64 - - [12/Apr/2019:20:59:53 +0800] "GET /LogisticsSystem/management/permission.jsp HTTP/1.1" 200 267
192.168.3.64 - - [12/Apr/2019:20:59:55 +0800] "GET /LogisticsSystem/management/logout.jsp HTTP/1.1" 200 255
192.168.3.64 - - [12/Apr/2019:20:59:56 +0800] "GET /LogisticsSystem/management/permission.jsp HTTP/1.1" 200 267
192.168.3.64 - - [12/Apr/2019:20:59:57 +0800] "GET /LogisticsSystem/management/logout.jsp HTTP/1.1" 200 255
192.168.3.64 - - [12/Apr/2019:20:59:58 +0800] "GET /LogisticsSystem/management/permission.jsp HTTP/1.1" 200 267
192.168.3.64 - - [12/Apr/2019:20:59:58 +0800] "GET /LogisticsSystem/management/Employee HTTP/1.1" 200 1703
192.168.3.64 - - [12/Apr/2019:21:00:05 +0800] "GET /LogisticsSystem/management/Employee HTTP/1.1" 200 1703
192.168.3.64 - - [12/Apr/2019:21:00:05 +0800] "GET /LogisticsSystem/management/Employee HTTP/1.1" 200 1703
192.168.3.64 - - [12/Apr/2019:21:00:07 +0800] "GET /LogisticsSystem/management/ HTTP/1.1" 200 967
192.168.3.64 - - [12/Apr/2019:21:00:07 +0800] "GET /LogisticsSystem/management/Employee HTTP/1.1" 200 1703
192.168.3.64 - - [12/Apr/2019:21:00:15 +0800] "GET /LogisticsSystem/WaybillPrint?id=test00001 HTTP/1.1" 200 33
192.168.3.64 - - [12/Apr/2019:21:00:21 +0800] "GET /LogisticsSystem/tracking-input.jsp HTTP/1.1" 200 1108
192.168.3.64 - - [12/Apr/2019:21:00:25 +0800] "GET /LogisticsSystem/Tracking?id=test00001 HTTP/1.1" 200 7624
192.168.3.64 - - [12/Apr/2019:21:00:33 +0800] "GET /LogisticsSystem/tracking-input.jsp HTTP/1.1" 200 1108
192.168.3.64 - - [12/Apr/2019:21:00:37 +0800] "GET /LogisticsSystem/Tracking?id=201904102139156696 HTTP/1.1" 200 1550
192.168.3.64 - - [12/Apr/2019:21:00:39 +0800] "GET /LogisticsSystem/tracking-input.jsp HTTP/1.1" 200 1108
192.168.3.64 - - [12/Apr/2019:21:00:42 +0800] "GET /LogisticsSystem/Tracking?id=+201904110039440724 HTTP/1.1" 200 1547
192.168.3.64 - - [12/Apr/2019:21:00:49 +0800] "GET /LogisticsSystem/Tracking?id=201904110039440724 HTTP/1.1" 200 2246
192.168.3.67 - - [12/Apr/2019:21:03:39 +0800] "GET /LogisticsSystem/Client/LogUpdateServlet?id=test00001&method=2 HTTP/1.1" 200 28
192.168.3.67 - - [12/Apr/2019:21:03:39 +0800] "POST /LogisticsSystem/Client/LogUpdateServlet HTTP/1.1" 200 4
192.168.3.64 - - [12/Apr/2019:21:03:57 +0800] "GET /LogisticsSystem/Tracking?id=test00001 HTTP/1.1" 200 7790
192.168.3.67 - - [12/Apr/2019:21:04:06 +0800] "GET /LogisticsSystem/Client/EmployeeLogout HTTP/1.1" 200 12
192.168.3.67 - - [12/Apr/2019:21:04:15 +0800] "GET /LogisticsSystem/EmployeeLogin?method=getcode&id=3111110 HTTP/1.1" 200 12
192.168.3.67 - - [12/Apr/2019:21:04:26 +0800] "POST /LogisticsSystem/EmployeeLogin HTTP/1.1" 200 12
192.168.3.67 - - [12/Apr/2019:21:04:26 +0800] "GET /LogisticsSystem/Client/Home HTTP/1.1" 200 111
192.168.3.67 - - [12/Apr/2019:21:04:40 +0800] "GET /LogisticsSystem/Client/LogUpdateServlet?id=test00001&des=445203&method=1 HTTP/1.1" 200 44
192.168.3.67 - - [12/Apr/2019:21:06:24 +0800] "GET /LogisticsSystem/Client/LogUpdateServlet?id=test00001&method=2 HTTP/1.1" 200 28
192.168.3.67 - - [12/Apr/2019:21:06:24 +0800] "POST /LogisticsSystem/Client/LogUpdateServlet HTTP/1.1" 200 4
192.168.3.64 - - [12/Apr/2019:21:06:58 +0800] "GET /LogisticsSystem/Tracking?id=test00001 HTTP/1.1" 200 7985
192.168.3.64 - - [12/Apr/2019:21:07:53 +0800] "GET /LogisticsSystem/Tracking?id=+201904110039440724 HTTP/1.1" 200 1547
192.168.3.64 - - [12/Apr/2019:21:07:58 +0800] "GET /LogisticsSystem/Tracking?id=201904110039440724 HTTP/1.1" 200 2246
192.168.3.67 - - [12/Apr/2019:21:09:39 +0800] "GET /LogisticsSystem/Client/LogUpdateServlet?id=201904110039440724&method=2 HTTP/1.1" 200 28
192.168.3.67 - - [12/Apr/2019:21:09:40 +0800] "POST /LogisticsSystem/Client/LogUpdateServlet HTTP/1.1" 200 4
192.168.3.64 - - [12/Apr/2019:21:09:46 +0800] "GET /LogisticsSystem/Tracking?id=201904110039440724 HTTP/1.1" 200 2432
192.168.3.64 - - [12/Apr/2019:21:10:15 +0800] "GET /LogisticsSystem/management/permission.jsp HTTP/1.1" 200 267
192.168.3.64 - - [12/Apr/2019:21:10:16 +0800] "GET /LogisticsSystem/management/Employee HTTP/1.1" 200 1703
192.168.3.64 - - [12/Apr/2019:21:11:20 +0800] "GET /LogisticsSystem/management/login.html HTTP/1.1" 304 -
192.168.3.64 - - [12/Apr/2019:21:11:26 +0800] "GET /LogisticsSystem/management/AdminLogin?id=admin HTTP/1.1" 200 7
127.0.0.1 - - [12/Apr/2019:21:11:40 +0800] "GET / HTTP/1.1" 404 1036
192.168.3.64 - - [12/Apr/2019:21:12:03 +0800] "GET /LogisticsSystem/management/AdminLogin?id=admin HTTP/1.1" 200 7
192.168.3.69 - - [12/Apr/2019:21:14:14 +0800] "GET /LogisticsSystem/EmployeeLogin?method=getcode&id=3110011 HTTP/1.1" 200 4
192.168.3.69 - - [12/Apr/2019:21:14:17 +0800] "GET /LogisticsSystem/EmployeeLogin?method=getcode&id=3110011 HTTP/1.1" 200 4
192.168.3.69 - - [12/Apr/2019:21:14:30 +0800] "GET /LogisticsSystem/EmployeeLogin?method=getcode&id=3110011 HTTP/1.1" 200 4
192.168.3.69 - - [12/Apr/2019:21:14:36 +0800] "GET /LogisticsSystem/EmployeeLogin?method=getcode&id=3110011 HTTP/1.1" 200 4
192.168.3.69 - - [12/Apr/2019:21:15:45 +0800] "GET /LogisticsSystem/EmployeeLogin?method=getcode&id=3110011 HTTP/1.1" 200 4
192.168.3.69 - - [12/Apr/2019:21:15:48 +0800] "GET /LogisticsSystem/EmployeeLogin?method=getcode&id=3110011 HTTP/1.1" 200 4
192.168.3.69 - - [12/Apr/2019:21:18:03 +0800] "GET /LogisticsSystem/EmployeeLogin?method=getcode&id=3110011 HTTP/1.1" 200 4
192.168.3.69 - - [12/Apr/2019:21:18:06 +0800] "GET /LogisticsSystem/EmployeeLogin?method=getcode&id=3110011 HTTP/1.1" 200 4
192.168.3.64 - - [12/Apr/2019:21:18:12 +0800] "GET /LogisticsSystem/management/AdminLogin?id=admin HTTP/1.1" 200 7
192.168.3.64 - - [12/Apr/2019:21:18:27 +0800] "GET /LogisticsSystem/management/AdminLogin?id=admin HTTP/1.1" 200 7
192.168.3.64 - - [12/Apr/2019:21:18:30 +0800] "GET /LogisticsSystem/management/AdminLogin?id=admin HTTP/1.1" 200 7
192.168.3.64 - - [12/Apr/2019:21:18:33 +0800] "GET /LogisticsSystem/management/AdminLogin?id=admin HTTP/1.1" 200 7
192.168.3.64 - - [12/Apr/2019:21:18:43 +0800] "GET /LogisticsSystem/management/AdminLogin?id=admin HTTP/1.1" 200 7
192.168.3.64 - - [12/Apr/2019:21:18:46 +0800] "GET /LogisticsSystem/management/AdminLogin?id=admin HTTP/1.1" 200 7
192.168.3.69 - - [12/Apr/2019:21:19:16 +0800] "GET /LogisticsSystem/EmployeeLogin?method=getcode&id=00100 HTTP/1.1" 200 4
192.168.3.69 - - [12/Apr/2019:21:19:20 +0800] "GET /LogisticsSystem/EmployeeLogin?method=getcode&id=00100 HTTP/1.1" 200 4
192.168.3.69 - - [12/Apr/2019:21:19:30 +0800] "GET /LogisticsSystem/EmployeeLogin?method=getcode&id=00100 HTTP/1.1" 200 4
192.168.3.69 - - [12/Apr/2019:21:19:36 +0800] "GET /LogisticsSystem/EmployeeLogin?method=getcode&id=00100 HTTP/1.1" 200 4
192.168.3.69 - - [12/Apr/2019:21:20:09 +0800] "GET /LogisticsSystem/EmployeeLogin?method=getcode&id=00100 HTTP/1.1" 200 4
127.0.0.1 - - [12/Apr/2019:21:20:20 +0800] "GET / HTTP/1.1" 404 1036
192.168.3.64 - - [12/Apr/2019:21:20:59 +0800] "GET /LogisticsSystem/management/AdminLogin?id=admin HTTP/1.1" 200 7
192.168.3.69 - - [12/Apr/2019:21:21:02 +0800] "GET /LogisticsSystem/EmployeeLogin?method=getcode&id=00100 HTTP/1.1" 200 12
192.168.3.67 - - [12/Apr/2019:22:08:03 +0800] "GET /LogisticsSystem/EmployeeLogin?method=getcode&id=00100 HTTP/1.1" 200 4
192.168.3.67 - - [12/Apr/2019:22:08:06 +0800] "GET /LogisticsSystem/EmployeeLogin?method=getcode&id=00100 HTTP/1.1" 200 4
192.168.3.67 - - [12/Apr/2019:22:08:16 +0800] "GET /LogisticsSystem/EmployeeLogin?method=getcode&id=00100 HTTP/1.1" 200 4
192.168.3.67 - - [12/Apr/2019:22:08:19 +0800] "GET /LogisticsSystem/EmployeeLogin?method=getcode&id=00100 HTTP/1.1" 200 4
192.168.3.67 - - [12/Apr/2019:22:08:22 +0800] "GET /LogisticsSystem/EmployeeLogin?method=getcode&id=00100 HTTP/1.1" 200 4
192.168.3.67 - - [12/Apr/2019:22:08:28 +0800] "GET /LogisticsSystem/EmployeeLogin?method=getcode&id=00100 HTTP/1.1" 200 4
192.168.3.67 - - [12/Apr/2019:22:08:31 +0800] "GET /LogisticsSystem/EmployeeLogin?method=getcode&id=00100 HTTP/1.1" 200 4
192.168.3.67 - - [12/Apr/2019:22:08:33 +0800] "GET /LogisticsSystem/EmployeeLogin?method=getcode&id=00100 HTTP/1.1" 200 4
127.0.0.1 - - [12/Apr/2019:22:08:50 +0800] "GET / HTTP/1.1" 404 1036
192.168.3.64 - - [12/Apr/2019:22:09:12 +0800] "GET /LogisticsSystem/management/login.html HTTP/1.1" 304 -
192.168.3.64 - - [12/Apr/2019:22:09:14 +0800] "GET /LogisticsSystem/management/AdminLogin?id=admin HTTP/1.1" 200 7
192.168.3.64 - - [12/Apr/2019:22:09:17 +0800] "GET /LogisticsSystem/management/login.html HTTP/1.1" 304 -
192.168.3.67 - - [12/Apr/2019:22:09:19 +0800] "GET /LogisticsSystem/EmployeeLogin?method=getcode&id=3111110 HTTP/1.1" 200 6
192.168.3.64 - - [12/Apr/2019:22:09:34 +0800] "GET /LogisticsSystem/management/AdminLogin?id= HTTP/1.1" 200 18
192.168.3.64 - - [12/Apr/2019:22:09:39 +0800] "GET /LogisticsSystem/management/AdminLogin?id=admin HTTP/1.1" 200 7
127.0.0.1 - - [12/Apr/2019:22:10:01 +0800] "GET / HTTP/1.1" 404 1036
192.168.3.64 - - [12/Apr/2019:22:10:12 +0800] "GET /LogisticsSystem/management/login.html HTTP/1.1" 304 -
192.168.3.64 - - [12/Apr/2019:22:10:17 +0800] "GET /LogisticsSystem/management/AdminLogin?id= HTTP/1.1" 200 18
192.168.3.64 - - [12/Apr/2019:22:10:22 +0800] "GET /LogisticsSystem/management/AdminLogin?id=admin HTTP/1.1" 200 7
192.168.3.67 - - [12/Apr/2019:22:10:44 +0800] "GET /LogisticsSystem/EmployeeLogin?method=getcode&id=00100 HTTP/1.1" 200 4
192.168.3.67 - - [12/Apr/2019:22:10:47 +0800] "GET /LogisticsSystem/EmployeeLogin?method=getcode&id=00100 HTTP/1.1" 200 4
192.168.3.67 - - [12/Apr/2019:22:11:00 +0800] "GET /LogisticsSystem/EmployeeLogin?method=getcode&id=00100 HTTP/1.1" 200 4
192.168.3.67 - - [12/Apr/2019:22:11:05 +0800] "GET /LogisticsSystem/EmployeeLogin?method=getcode&id=00100 HTTP/1.1" 200 4
192.168.3.67 - - [12/Apr/2019:22:11:31 +0800] "GET /LogisticsSystem/EmployeeLogin?method=getcode&id=00100 HTTP/1.1" 200 4
192.168.3.64 - - [12/Apr/2019:22:11:41 +0800] "GET /LogisticsSystem/management/AdminLogin?id=admin HTTP/1.1" 200 7
192.168.3.64 - - [12/Apr/2019:22:12:15 +0800] "GET /LogisticsSystem/management/AdminLogin?id=admin HTTP/1.1" 200 7
127.0.0.1 - - [12/Apr/2019:22:12:40 +0800] "GET / HTTP/1.1" 404 1036
192.168.3.64 - - [12/Apr/2019:22:13:03 +0800] "GET /LogisticsSystem/management/login.html HTTP/1.1" 304 -
192.168.3.64 - - [12/Apr/2019:22:13:08 +0800] "GET /LogisticsSystem/management/login.html HTTP/1.1" 304 -
192.168.3.64 - - [12/Apr/2019:22:13:11 +0800] "GET /LogisticsSystem/Tracking?id=201904110039440724 HTTP/1.1" 200 2432
192.168.3.64 - - [12/Apr/2019:22:13:17 +0800] "GET /LogisticsSystem/management/AdminLogin?id=admin HTTP/1.1" 200 7
192.168.3.64 - - [12/Apr/2019:22:13:22 +0800] "GET /LogisticsSystem/management/AdminLogin?id= HTTP/1.1" 200 18
192.168.3.64 - - [12/Apr/2019:22:13:26 +0800] "GET /LogisticsSystem/management/AdminLogin?id=admin HTTP/1.1" 200 7
192.168.3.64 - - [12/Apr/2019:22:13:40 +0800] "GET /LogisticsSystem/management/login.html HTTP/1.1" 304 -
192.168.3.64 - - [12/Apr/2019:22:13:45 +0800] "GET /LogisticsSystem/management/AdminLogin?id=admin HTTP/1.1" 200 7
127.0.0.1 - - [12/Apr/2019:22:14:02 +0800] "GET / HTTP/1.1" 404 1036
192.168.3.64 - - [12/Apr/2019:22:14:18 +0800] "GET /LogisticsSystem/management/AdminLogin?id=admin HTTP/1.1" 200 7
192.168.3.67 - - [12/Apr/2019:22:14:28 +0800] "GET /LogisticsSystem/EmployeeLogin?method=getcode&id=00100 HTTP/1.1" 200 4
192.168.3.67 - - [12/Apr/2019:22:14:31 +0800] "GET /LogisticsSystem/EmployeeLogin?method=getcode&id=00100 HTTP/1.1" 200 4
127.0.0.1 - - [12/Apr/2019:22:15:21 +0800] "GET / HTTP/1.1" 404 1036
192.168.3.67 - - [12/Apr/2019:22:16:52 +0800] "GET /LogisticsSystem/EmployeeLogin?method=getcode&id=00100 HTTP/1.1" 200 6
192.168.3.67 - - [12/Apr/2019:22:16:54 +0800] "GET /LogisticsSystem/EmployeeLogin?method=getcode&id=00100 HTTP/1.1" 200 6
192.168.3.67 - - [12/Apr/2019:22:17:10 +0800] "GET /LogisticsSystem/EmployeeLogin?method=getcode&id=00100 HTTP/1.1" 200 4
127.0.0.1 - - [12/Apr/2019:22:17:21 +0800] "GET / HTTP/1.1" 404 1036
