192.168.3.64 - - [12/Apr/2019:22:17:45 +0800] "GET /LogisticsSystem/management/login.html HTTP/1.1" 304 -
192.168.3.64 - - [12/Apr/2019:22:17:50 +0800] "GET /LogisticsSystem/management/AdminLogin?id=admin HTTP/1.1" 200 7
192.168.3.64 - - [12/Apr/2019:22:18:03 +0800] "GET /LogisticsSystem/management/AdminLogin?id=admin HTTP/1.1" 200 7
192.168.3.64 - - [12/Apr/2019:22:19:01 +0800] "GET /LogisticsSystem/management/AdminLogin?id=admin HTTP/1.1" 200 7
192.168.3.64 - - [12/Apr/2019:22:19:12 +0800] "GET /LogisticsSystem/management/login.html HTTP/1.1" 304 -
192.168.3.64 - - [12/Apr/2019:22:19:15 +0800] "GET /LogisticsSystem/management/AdminLogin?id=admin HTTP/1.1" 200 7
127.0.0.1 - - [12/Apr/2019:22:19:39 +0800] "GET / HTTP/1.1" 404 1036
192.168.3.64 - - [12/Apr/2019:22:19:48 +0800] "GET /LogisticsSystem/management/AdminLogin?id=admin HTTP/1.1" 200 7
192.168.3.64 - - [12/Apr/2019:22:19:51 +0800] "GET /LogisticsSystem/management/login.html HTTP/1.1" 304 -
192.168.3.64 - - [12/Apr/2019:22:19:53 +0800] "GET /LogisticsSystem/management/AdminLogin?id= HTTP/1.1" 200 18
192.168.3.64 - - [12/Apr/2019:22:19:58 +0800] "GET /LogisticsSystem/management/AdminLogin?id=admin HTTP/1.1" 200 7
192.168.3.67 - - [12/Apr/2019:22:20:14 +0800] "GET /LogisticsSystem/EmployeeLogin?method=getcode&id=00100 HTTP/1.1" 200 4
192.168.3.67 - - [12/Apr/2019:22:20:23 +0800] "GET /LogisticsSystem/EmployeeLogin?method=getcode&id=00100 HTTP/1.1" 200 4
192.168.3.64 - - [12/Apr/2019:22:20:41 +0800] "GET /LogisticsSystem/management/AdminLogin?id=admin HTTP/1.1" 200 7
127.0.0.1 - - [12/Apr/2019:22:21:13 +0800] "GET / HTTP/1.1" 404 1036
192.168.3.69 - - [12/Apr/2019:22:22:26 +0800] "GET /LogisticsSystem/EmployeeLogin?method=getcode&id=3111110 HTTP/1.1" 200 6
192.168.3.69 - - [12/Apr/2019:22:22:39 +0800] "GET /LogisticsSystem/EmployeeLogin?method=getcode&id=3111110 HTTP/1.1" 200 6
192.168.3.69 - - [12/Apr/2019:22:23:21 +0800] "GET /LogisticsSystem/EmployeeLogin?method=getcode&id=3111110 HTTP/1.1" 200 6
192.168.3.67 - - [12/Apr/2019:22:23:22 +0800] "GET /LogisticsSystem/EmployeeLogin?method=getcode&id=00100 HTTP/1.1" 200 6
192.168.3.67 - - [12/Apr/2019:22:23:25 +0800] "GET /LogisticsSystem/EmployeeLogin?method=getcode&id=00100 HTTP/1.1" 200 6
192.168.3.69 - - [12/Apr/2019:22:23:37 +0800] "GET /LogisticsSystem/EmployeeLogin?method=getcode&id=3111110 HTTP/1.1" 200 6
192.168.3.67 - - [12/Apr/2019:22:23:40 +0800] "GET /LogisticsSystem/EmployeeLogin?method=getcode&id=00100 HTTP/1.1" 200 6
192.168.3.67 - - [12/Apr/2019:22:23:42 +0800] "GET /LogisticsSystem/EmployeeLogin?method=getcode&id=00100 HTTP/1.1" 200 6
192.168.3.69 - - [12/Apr/2019:22:24:19 +0800] "GET /LogisticsSystem/EmployeeLogin?method=getcode&id=3111110 HTTP/1.1" 200 6
192.168.3.69 - - [12/Apr/2019:22:24:31 +0800] "GET /LogisticsSystem/EmployeeLogin?method=getcode&id=3111110 HTTP/1.1" 200 6
192.168.3.67 - - [12/Apr/2019:22:24:32 +0800] "GET /LogisticsSystem/EmployeeLogin?method=getcode&id=00100 HTTP/1.1" 200 6
192.168.3.67 - - [12/Apr/2019:22:24:34 +0800] "GET /LogisticsSystem/EmployeeLogin?method=getcode&id=00100 HTTP/1.1" 200 6
192.168.3.69 - - [12/Apr/2019:22:24:38 +0800] "GET /LogisticsSystem/EmployeeLogin?method=getcode&id=3111110 HTTP/1.1" 200 6
192.168.3.69 - - [12/Apr/2019:22:24:51 +0800] "GET /LogisticsSystem/EmployeeLogin?method=getcode&id=3110011 HTTP/1.1" 200 6
127.0.0.1 - - [12/Apr/2019:22:25:06 +0800] "GET / HTTP/1.1" 404 1036
192.168.3.69 - - [12/Apr/2019:22:25:30 +0800] "GET /LogisticsSystem/EmployeeLogin?method=getcode&id=3110011 HTTP/1.1" 200 4
192.168.3.69 - - [12/Apr/2019:22:25:38 +0800] "GET /LogisticsSystem/EmployeeLogin?method=getcode&id=3110011 HTTP/1.1" 200 4
127.0.0.1 - - [12/Apr/2019:22:26:14 +0800] "GET / HTTP/1.1" 404 1036
192.168.3.69 - - [12/Apr/2019:22:26:32 +0800] "GET /LogisticsSystem/EmployeeLogin?method=getcode&id=3110011 HTTP/1.1" 200 12
192.168.3.67 - - [12/Apr/2019:22:26:50 +0800] "GET /LogisticsSystem/EmployeeLogin?method=getcode&id=00100 HTTP/1.1" 200 4
192.168.3.67 - - [12/Apr/2019:22:27:00 +0800] "GET /LogisticsSystem/EmployeeLogin?method=getcode&id=00100 HTTP/1.1" 200 4
192.168.3.69 - - [12/Apr/2019:22:27:10 +0800] "GET /LogisticsSystem/EmployeeLogin?method=getcode&id=3110011 HTTP/1.1" 200 4
192.168.3.64 - - [12/Apr/2019:22:28:09 +0800] "GET /LogisticsSystem/management/AdminLogin?id=admin HTTP/1.1" 200 7
192.168.3.67 - - [12/Apr/2019:22:28:24 +0800] "GET /LogisticsSystem/EmployeeLogin?method=getcode&id=00100 HTTP/1.1" 200 4
192.168.3.67 - - [12/Apr/2019:22:28:34 +0800] "GET /LogisticsSystem/EmployeeLogin?method=getcode&id=00100 HTTP/1.1" 200 4
192.168.3.67 - - [12/Apr/2019:22:28:40 +0800] "GET /LogisticsSystem/EmployeeLogin?method=getcode&id=00100 HTTP/1.1" 200 4
192.168.3.67 - - [12/Apr/2019:22:28:45 +0800] "GET /LogisticsSystem/EmployeeLogin?method=getcode&id=00100 HTTP/1.1" 200 4
127.0.0.1 - - [12/Apr/2019:22:28:59 +0800] "GET / HTTP/1.1" 404 1036
192.168.3.67 - - [12/Apr/2019:22:30:57 +0800] "GET /LogisticsSystem/EmployeeLogin?method=getcode&id=00100 HTTP/1.1" 200 6
192.168.3.67 - - [12/Apr/2019:22:31:00 +0800] "GET /LogisticsSystem/EmployeeLogin?method=getcode&id=00100 HTTP/1.1" 200 6
192.168.3.64 - - [12/Apr/2019:22:35:04 +0800] "GET /LogisticsSystem/management/AdminLogin?id=admin HTTP/1.1" 200 7
192.168.3.64 - - [12/Apr/2019:22:35:18 +0800] "GET /LogisticsSystem/management/AdminLogin?id=admin HTTP/1.1" 200 7
127.0.0.1 - - [12/Apr/2019:22:35:26 +0800] "GET / HTTP/1.1" 404 1036
192.168.3.64 - - [12/Apr/2019:22:35:38 +0800] "GET /LogisticsSystem/management/AdminLogin?id=admin HTTP/1.1" 200 7
192.168.3.67 - - [12/Apr/2019:22:35:55 +0800] "GET /LogisticsSystem/EmployeeLogin?method=getcode&id=00100 HTTP/1.1" 200 12
192.168.3.67 - - [12/Apr/2019:22:36:34 +0800] "GET /LogisticsSystem/EmployeeLogin?method=getcode&id=00100 HTTP/1.1" 200 12
192.168.3.67 - - [12/Apr/2019:22:37:45 +0800] "GET /LogisticsSystem/EmployeeLogin?method=getcode&id=3111110 HTTP/1.1" 200 12
192.168.3.67 - - [12/Apr/2019:22:38:21 +0800] "GET /LogisticsSystem/EmployeeLogin?method=getcode&id=3110011 HTTP/1.1" 200 12
192.168.3.67 - - [12/Apr/2019:22:43:25 +0800] "GET /LogisticsSystem/EmployeeLogin?method=getcode&id=00100 HTTP/1.1" 200 12
192.168.3.67 - - [12/Apr/2019:22:43:54 +0800] "GET /LogisticsSystem/EmployeeLogin?method=getcode&id=00100 HTTP/1.1" 200 12
192.168.3.67 - - [12/Apr/2019:22:44:18 +0800] "POST /LogisticsSystem/EmployeeLogin HTTP/1.1" 200 12
192.168.3.67 - - [12/Apr/2019:22:44:19 +0800] "GET /LogisticsSystem/Client/Home HTTP/1.1" 200 114
192.168.3.67 - - [12/Apr/2019:22:45:44 +0800] "GET /LogisticsSystem/Client/LogUpdateServlet?id=test00001&method=2 HTTP/1.1" 200 28
192.168.3.67 - - [12/Apr/2019:22:45:44 +0800] "POST /LogisticsSystem/Client/LogUpdateServlet HTTP/1.1" 200 4
192.168.3.64 - - [12/Apr/2019:22:45:53 +0800] "GET /LogisticsSystem/Tracking?id=201904110039440724 HTTP/1.1" 200 2432
192.168.3.64 - - [12/Apr/2019:22:45:58 +0800] "GET /LogisticsSystem/Tracking?id=test000001 HTTP/1.1" 200 1547
192.168.3.64 - - [12/Apr/2019:22:46:01 +0800] "GET /LogisticsSystem/Tracking?id=test00001 HTTP/1.1" 200 8169
192.168.3.67 - - [12/Apr/2019:22:49:20 +0800] "GET /LogisticsSystem/Client/LogUpdateServlet?id=201904110039440724&method=2 HTTP/1.1" 200 28
192.168.3.67 - - [12/Apr/2019:22:49:20 +0800] "POST /LogisticsSystem/Client/LogUpdateServlet HTTP/1.1" 200 4
192.168.3.67 - - [12/Apr/2019:22:49:27 +0800] "GET /LogisticsSystem/Client/LogUpdateServlet?id=201904110039440724&method=2 HTTP/1.1" 200 28
192.168.3.67 - - [12/Apr/2019:22:49:27 +0800] "POST /LogisticsSystem/Client/LogUpdateServlet HTTP/1.1" 200 4
192.168.3.64 - - [12/Apr/2019:22:49:37 +0800] "GET /LogisticsSystem/Tracking?id=201904110039440724 HTTP/1.1" 200 2800
192.168.3.67 - - [12/Apr/2019:22:49:48 +0800] "GET /LogisticsSystem/Client/LogUpdateServlet?id=201904110039440724&method=2 HTTP/1.1" 200 28
192.168.3.67 - - [12/Apr/2019:22:49:49 +0800] "POST /LogisticsSystem/Client/LogUpdateServlet HTTP/1.1" 200 4
192.168.3.64 - - [12/Apr/2019:22:49:51 +0800] "GET /LogisticsSystem/Tracking?id=201904110039440724 HTTP/1.1" 200 2984
192.168.3.67 - - [12/Apr/2019:22:49:57 +0800] "GET /LogisticsSystem/Client/EmployeeLogout HTTP/1.1" 200 12
192.168.3.67 - - [12/Apr/2019:22:50:25 +0800] "GET /LogisticsSystem/EmployeeLogin?method=getcode&id=3111110 HTTP/1.1" 200 4
192.168.3.67 - - [12/Apr/2019:22:50:35 +0800] "GET /LogisticsSystem/EmployeeLogin?method=getcode&id=3111110 HTTP/1.1" 200 4
192.168.3.67 - - [12/Apr/2019:22:50:37 +0800] "GET /LogisticsSystem/EmployeeLogin?method=getcode&id=3111110 HTTP/1.1" 200 4
192.168.3.67 - - [12/Apr/2019:22:50:41 +0800] "GET /LogisticsSystem/EmployeeLogin?method=getcode&id=3111110 HTTP/1.1" 200 4
192.168.3.67 - - [12/Apr/2019:22:50:56 +0800] "GET /LogisticsSystem/EmployeeLogin?method=getcode&id=3111110 HTTP/1.1" 200 4
192.168.3.64 - - [12/Apr/2019:22:52:13 +0800] "GET /LogisticsSystem/Tracking?id=201904110039440724 HTTP/1.1" 200 2984
192.168.3.64 - - [12/Apr/2019:22:52:13 +0800] "GET /LogisticsSystem/Tracking?id=201904110039440724 HTTP/1.1" 200 2984
192.168.3.64 - - [12/Apr/2019:22:52:14 +0800] "GET /LogisticsSystem/Tracking?id=201904110039440724 HTTP/1.1" 200 2984
192.168.3.64 - - [12/Apr/2019:23:29:30 +0800] "GET /LogisticsSystem/ HTTP/1.1" 200 2432
192.168.3.64 - - [12/Apr/2019:23:29:30 +0800] "GET /LogisticsSystem/img/bg_text.png HTTP/1.1" 304 -
192.168.3.64 - - [12/Apr/2019:23:29:51 +0800] "GET /LogisticsSystem/about.html HTTP/1.1" 304 -
192.168.3.64 - - [12/Apr/2019:23:29:57 +0800] "GET /LogisticsSystem/waybill-print-input.jsp HTTP/1.1" 200 1112
192.168.3.64 - - [12/Apr/2019:23:30:01 +0800] "GET /LogisticsSystem/WaybillPrint?id=test00001 HTTP/1.1" 200 33
192.168.3.64 - - [12/Apr/2019:23:30:13 +0800] "GET /LogisticsSystem/WaybillPrint?id=201904110039440724 HTTP/1.1" 200 33
192.168.3.64 - - [12/Apr/2019:23:30:20 +0800] "GET /LogisticsSystem/WaybillPrint?id=201904102139156696 HTTP/1.1" 200 1838
192.168.3.64 - - [12/Apr/2019:23:30:20 +0800] "GET /LogisticsSystem/js/jquery.qrcode.min.js HTTP/1.1" 304 -
192.168.3.64 - - [12/Apr/2019:23:32:11 +0800] "GET /LogisticsSystem/order.jsp HTTP/1.1" 200 14036
192.168.3.64 - - [12/Apr/2019:23:32:13 +0800] "GET /LogisticsSystem/tracking-input.jsp HTTP/1.1" 200 1108
192.168.3.64 - - [12/Apr/2019:23:32:17 +0800] "GET /LogisticsSystem/Tracking?id=test00001 HTTP/1.1" 200 8169
192.168.3.64 - - [12/Apr/2019:23:32:57 +0800] "GET /LogisticsSystem/ HTTP/1.1" 200 2432
192.168.3.64 - - [12/Apr/2019:23:33:20 +0800] "GET /LogisticsSystem/order.jsp HTTP/1.1" 200 14036
192.168.3.64 - - [12/Apr/2019:23:33:46 +0800] "GET /LogisticsSystem/tracking-input.jsp HTTP/1.1" 200 1108
192.168.3.64 - - [12/Apr/2019:23:33:49 +0800] "GET /LogisticsSystem/Tracking?id=100 HTTP/1.1" 200 1547
192.168.3.64 - - [12/Apr/2019:23:33:52 +0800] "GET /LogisticsSystem/tracking-input.jsp HTTP/1.1" 200 1108
192.168.3.64 - - [12/Apr/2019:23:33:56 +0800] "GET /LogisticsSystem/Tracking?id=+201904110039440724 HTTP/1.1" 200 1547
192.168.3.64 - - [12/Apr/2019:23:34:04 +0800] "GET /LogisticsSystem/Tracking?id=201904110039440724 HTTP/1.1" 200 2984
192.168.3.64 - - [12/Apr/2019:23:34:41 +0800] "GET /LogisticsSystem/management/AdminLogin?id=admin HTTP/1.1" 200 7
192.168.3.64 - - [12/Apr/2019:23:34:44 +0800] "GET /LogisticsSystem/management/login.html HTTP/1.1" 304 -
192.168.3.64 - - [12/Apr/2019:23:34:50 +0800] "GET /LogisticsSystem/ HTTP/1.1" 200 2432
192.168.3.64 - - [12/Apr/2019:23:34:51 +0800] "GET /LogisticsSystem/order.jsp HTTP/1.1" 200 14036
192.168.3.64 - - [12/Apr/2019:23:34:52 +0800] "GET /LogisticsSystem/tracking-input.jsp HTTP/1.1" 200 1108
192.168.3.64 - - [12/Apr/2019:23:34:56 +0800] "GET /LogisticsSystem/waybill-print-input.jsp HTTP/1.1" 200 1112
192.168.3.64 - - [12/Apr/2019:23:36:16 +0800] "GET /LogisticsSystem/ HTTP/1.1" 200 2432
192.168.3.64 - - [12/Apr/2019:23:44:25 +0800] "GET /LogisticsSystem/order.jsp HTTP/1.1" 200 14036
192.168.3.64 - - [12/Apr/2019:23:44:45 +0800] "GET /LogisticsSystem/RegionServlet?pid=350000 HTTP/1.1" 200 190
192.168.3.64 - - [12/Apr/2019:23:44:47 +0800] "GET /LogisticsSystem/RegionServlet?pid=350400 HTTP/1.1" 200 250
192.168.3.64 - - [12/Apr/2019:23:44:50 +0800] "GET /LogisticsSystem/RegionServlet?pid=350500 HTTP/1.1" 200 253
192.168.3.64 - - [12/Apr/2019:23:45:44 +0800] "GET /LogisticsSystem/RegionServlet?pid=350000 HTTP/1.1" 200 190
192.168.3.64 - - [12/Apr/2019:23:45:48 +0800] "GET /LogisticsSystem/RegionServlet?pid=350100 HTTP/1.1" 200 274
192.168.3.64 - - [12/Apr/2019:23:46:29 +0800] "POST /LogisticsSystem/Order HTTP/1.1" 200 1838
192.168.3.64 - - [12/Apr/2019:23:48:03 +0800] "GET /LogisticsSystem/management/AdminLogin?id=useradmin HTTP/1.1" 200 18
192.168.3.64 - - [12/Apr/2019:23:48:10 +0800] "GET /LogisticsSystem/management/AdminLogin?id=admin HTTP/1.1" 200 7
192.168.3.64 - - [12/Apr/2019:23:48:19 +0800] "POST /LogisticsSystem/management/AdminLogin HTTP/1.1" 200 42
192.168.3.64 - - [12/Apr/2019:23:48:27 +0800] "POST /LogisticsSystem/management/AdminLogin HTTP/1.1" 200 13
192.168.3.64 - - [12/Apr/2019:23:48:27 +0800] "GET /LogisticsSystem/management/ HTTP/1.1" 200 967
192.168.3.64 - - [12/Apr/2019:23:48:27 +0800] "GET /LogisticsSystem/management/css/page.css HTTP/1.1" 304 -
192.168.3.64 - - [12/Apr/2019:23:48:28 +0800] "GET /LogisticsSystem/management/Employee HTTP/1.1" 200 1703
192.168.3.64 - - [12/Apr/2019:23:48:37 +0800] "GET /LogisticsSystem/management/permission.jsp HTTP/1.1" 200 267
192.168.3.64 - - [12/Apr/2019:23:48:39 +0800] "GET /LogisticsSystem/management/logout.jsp HTTP/1.1" 200 255
192.168.3.64 - - [12/Apr/2019:23:48:40 +0800] "GET /LogisticsSystem/management/Employee HTTP/1.1" 200 1703
192.168.3.64 - - [12/Apr/2019:23:48:42 +0800] "GET /LogisticsSystem/management/permission.jsp HTTP/1.1" 200 267
